Component: ARM Compiler 5.06 update 6 (build 750) Tool: armlink [4d35ed]

==============================================================================

Section Cross References

    application.o(.text) refers to used__main.o(FUNC_ONE) for FRAMEWIN_SetText
    application.o(.text) refers to strlen.o(.text) for strlen
    application.o(.text) refers to strstr.o(.text) for strstr
    application.o(.text) refers to applyloratest.o(.text) for LoraTestMain
    application.o(.text) refers to applycfg.o(.text) for CfgMain
    application.o(.text) refers to applyglobal.o(.bss) for CfgParam
    application.o(.text) refers to applyglobal.o(.data) for ConfigDbfName
    application.o(.text) refers to application.o(.constdata) for ApplicationDialog
    application.o(.text) refers to applycommon.o(.text) for disColmSort
    application.o(.constdata) refers to used__main.o(FUNC_ONE) for FRAMEWIN_CreateIndirect
    application.o(.constdata) refers to application.o(.conststring) for .conststring
    applycfg.o(.text) refers to used__main.o(FUNC_ONE) for WM_GetDialogItem
    applycfg.o(.text) refers to applycfg.o(.data) for UartRate
    applycfg.o(.text) refers to applycfg.o(.bss) for loaddata
    applycfg.o(.text) refers to rt_memclr_w.o(.text) for __aeabi_memclr4
    applycfg.o(.text) refers to strstr.o(.text) for strstr
    applycfg.o(.text) refers to strncpy.o(.text) for strncpy
    applycfg.o(.text) refers to strcpy.o(.text) for strcpy
    applycfg.o(.text) refers to strcat.o(.text) for strcat
    applycfg.o(.text) refers to strlen.o(.text) for strlen
    applycfg.o(.text) refers to applycfg.o(.constdata) for _aDialogDataSrc
    applycfg.o(.constdata) refers to used__main.o(FUNC_ONE) for WINDOW_CreateIndirect
    applycfg.o(.constdata) refers to applycfg.o(.conststring) for .conststring
    applycfg.o(.data) refers to applycfg.o(.conststring) for .conststring
    applycommon.o(.text) refers to used__main.o(FUNC_ONE) for RtcGetDateString
    applycommon.o(.text) refers to strstr.o(.text) for strstr
    applycommon.o(.text) refers to strcmpv7m.o(.text) for strcmp
    applycommon.o(.text) refers to strlen.o(.text) for strlen
    applycommon.o(.text) refers to rt_memmove_v6.o(.text) for __aeabi_memmove
    applycommon.o(.text) refers to strncpy.o(.text) for strncpy
    applycommon.o(.text) refers to deqf.o(x$fpl$deqf) for __aeabi_cdcmpeq
    applycommon.o(.text) refers to drleqf.o(x$fpl$drleqf) for __aeabi_cdrcmple
    applycommon.o(.text) refers to dleqf.o(x$fpl$dleqf) for __aeabi_cdcmple
    applycommon.o(.text) refers to applyglobal.o(.data) for FinshString
    applycommon.o(.text) refers to applyglobal.o(.bss) for Configure
    applycommon.o(.text) refers to rt_memclr_w.o(.text) for __aeabi_memclr4
    applycommon.o(.text) refers to strcat.o(.text) for strcat
    applyexpression.o(.text) refers to rt_memclr_w.o(.text) for __aeabi_memclr4
    applyexpression.o(.text) refers to faddsub_clz.o(x$fpl$fadd) for __aeabi_fadd
    applyexpression.o(.text) refers to faddsub_clz.o(x$fpl$fsub) for __aeabi_fsub
    applyexpression.o(.text) refers to fmul.o(x$fpl$fmul) for __aeabi_fmul
    applyexpression.o(.text) refers to fdiv.o(x$fpl$fdiv) for __aeabi_fdiv
    applyexpression.o(.text) refers to strlen.o(.text) for strlen
    applyexpression.o(.text) refers to used__main.o(FUNC_ONE) for LISTVIEW_GetNumRows
    applyexpression.o(.text) refers to strstr.o(.text) for strstr
    applyexpression.o(.text) refers to strcat.o(.text) for strcat
    applyexpression.o(.text) refers to d2f.o(x$fpl$d2f) for __aeabi_d2f
    applyexpression.o(.text) refers to f2d.o(x$fpl$f2d) for __aeabi_f2d
    applyexpression.o(.text) refers to strncpy.o(.text) for strncpy
    applyexpression.o(.text) refers to applyexpression.o(.constdata) for ops
    applyglobal.o(.data) refers to applyglobal.o(.conststring) for .conststring
    applymastercom.o(.text) refers to used__main.o(FUNC_ONE) for UartOpen
    applymastercom.o(.text) refers to rt_memclr_w.o(.text) for __aeabi_memclr4
    applymastercom.o(.text) refers to rt_memcpy_v6.o(.text) for __aeabi_memcpy
    applymastercom.o(.text) refers to applymastercom.o(.data) for suart
    applyloratest.o(.text) refers to used__main.o(FUNC_ONE) for WM_GetDialogItem
    applyloratest.o(.text) refers to strcmpv7m.o(.text) for strcmp
    applyloratest.o(.text) refers to rt_memclr.o(.text) for __aeabi_memclr
    applyloratest.o(.text) refers to txrxtask.o(.text) for RxTask
    applyloratest.o(.text) refers to rt_memcpy_w.o(.text) for __aeabi_memcpy4
    applyloratest.o(.text) refers to applyloratest.o(.data) for pDbf
    applyloratest.o(.text) refers to txrxtask.o(.bss) for UartTxData
    applyloratest.o(.text) refers to txrxtask.o(.data) for TxLenght
    applyloratest.o(.text) refers to strlen.o(.text) for strlen
    applyloratest.o(.text) refers to strcpy.o(.text) for strcpy
    applyloratest.o(.text) refers to strcat.o(.text) for strcat
[...]
    EDIT_SetCursorAtPixel                    0x64185039   Thumb Code     0  used__main.o(FUNC_ONE)
    EDIT_SetDecMode                          0x6418503d   Thumb Code     0  used__main.o(FUNC_ONE)
    EDIT_SetDefaultBkColor                   0x64185041   Thumb Code     0  used__main.o(FUNC_ONE)
    EDIT_SetDefaultFont                      0x64185045   Thumb Code     0  used__main.o(FUNC_ONE)
    EDIT_SetDefaultTextAlign                 0x64185049   Thumb Code     0  used__main.o(FUNC_ONE)
    EDIT_SetDefaultTextColor                 0x6418504d   Thumb Code     0  used__main.o(FUNC_ONE)
    EDIT_SetFloatMode                        0x64185051   Thumb Code     0  used__main.o(FUNC_ONE)
    EDIT_SetFloatValue                       0x64185055   Thumb Code     0  used__main.o(FUNC_ONE)
    EDIT_SetFont                             0x64185059   Thumb Code     0  used__main.o(FUNC_ONE)
    EDIT_SetHexMode                          0x6418505d   Thumb Code     0  used__main.o(FUNC_ONE)
    EDIT_SetInsertMode                       0x64185061   Thumb Code     0  used__main.o(FUNC_ONE)
    EDIT_SetMaxLen                           0x64185065   Thumb Code     0  used__main.o(FUNC_ONE)
    EDIT_SetpfAddKeyEx                       0x64185069   Thumb Code     0  used__main.o(FUNC_ONE)
    EDIT_SetSel                              0x6418506d   Thumb Code     0  used__main.o(FUNC_ONE)
    EDIT_SetText                             0x64185071   Thumb Code     0  used__main.o(FUNC_ONE)
    EDIT_SetTextAlign                        0x64185075   Thumb Code     0  used__main.o(FUNC_ONE)
    EDIT_SetTextColor                        0x64185079   Thumb Code     0  used__main.o(FUNC_ONE)
    EDIT_SetTextMode                         0x6418507d   Thumb Code     0  used__main.o(FUNC_ONE)
    EDIT_SetValue                            0x64185081   Thumb Code     0  used__main.o(FUNC_ONE)
    EDIT_SetUlongMode                        0x64185085   Thumb Code     0  used__main.o(FUNC_ONE)
    GUI_EditBin                              0x64185089   Thumb Code     0  used__main.o(FUNC_ONE)
    GUI_EditDec                              0x6418508d   Thumb Code     0  used__main.o(FUNC_ONE)
    GUI_EditHex                              0x64185091   Thumb Code     0  used__main.o(FUNC_ONE)
    GUI_EditString                           0x64185095   Thumb Code     0  used__main.o(FUNC_ONE)
    FRAMEWIN_AddButton                       0x64185099   Thumb Code     0  used__main.o(FUNC_ONE)
    FRAMEWIN_AddCloseButton                  0x6418509d   Thumb Code     0  used__main.o(FUNC_ONE)
    FRAMEWIN_AddMaxButton                    0x641850a1   Thumb Code     0  used__main.o(FUNC_ONE)
    FRAMEWIN_AddMenu                         0x641850a5   Thumb Code     0  used__main.o(FUNC_ONE)
    FRAMEWIN_AddMinButton                    0x641850a9   Thumb Code     0  used__main.o(FUNC_ONE)
    FRAMEWIN_Create                          0x641850ad   Thumb Code     0  used__main.o(FUNC_ONE)
    FRAMEWIN_CreateAsChild                   0x641850b1   Thumb Code     0  used__main.o(FUNC_ONE)
    FRAMEWIN_CreateEx                        0x641850b5   Thumb Code     0  used__main.o(FUNC_ONE)
    FRAMEWIN_GetBorderSize                   0x641850b9   Thumb Code     0  used__main.o(FUNC_ONE)
    FRAMEWIN_GetDefaultBarColor              0x641850bd   Thumb Code     0  used__main.o(FUNC_ONE)
    FRAMEWIN_GetDefaultBorderSize            0x641850c1   Thumb Code     0  used__main.o(FUNC_ONE)
    FRAMEWIN_GetDefaultClientColor           0x641850c5   Thumb Code     0  used__main.o(FUNC_ONE)
    FRAMEWIN_GetDefaultFont                  0x641850c9   Thumb Code     0  used__main.o(FUNC_ONE)
    FRAMEWIN_GetDefaultTextColor             0x641850cd   Thumb Code     0  used__main.o(FUNC_ONE)
    FRAMEWIN_GetDefaultTitleHeight           0x641850d1   Thumb Code     0  used__main.o(FUNC_ONE)
    FRAMEWIN_GetTitleHeight                  0x641850d5   Thumb Code     0  used__main.o(FUNC_ONE)
    FRAMEWIN_IsMinimized                     0x641850d9   Thumb Code     0  used__main.o(FUNC_ONE)
    FRAMEWIN_IsMaximized                     0x641850dd   Thumb Code     0  used__main.o(FUNC_ONE)
    FRAMEWIN_Maximize                        0x641850e1   Thumb Code     0  used__main.o(FUNC_ONE)
    FRAMEWIN_Minimize                        0x641850e5   Thumb Code     0  used__main.o(FUNC_ONE)
    FRAMEWIN_Restore                         0x641850e9   Thumb Code     0  used__main.o(FUNC_ONE)
    FRAMEWIN_SetActive                       0x641850ed   Thumb Code     0  used__main.o(FUNC_ONE)
    FRAMEWIN_SetBarColor                     0x641850f1   Thumb Code     0  used__main.o(FUNC_ONE)
    FRAMEWIN_SetBorderSize                   0x641850f5   Thumb Code     0  used__main.o(FUNC_ONE)
    FRAMEWIN_SetClientColor                  0x641850f9   Thumb Code     0  used__main.o(FUNC_ONE)
    FRAMEWIN_SetDefaultBarColor              0x641850fd   Thumb Code     0  used__main.o(FUNC_ONE)
    FRAMEWIN_SetDefaultBorderSize            0x64185101   Thumb Code     0  used__main.o(FUNC_ONE)
    FRAMEWIN_SetDefaultClientColor           0x64185105   Thumb Code     0  used__main.o(FUNC_ONE)
    FRAMEWIN_SetDefaultFont                  0x64185109   Thumb Code     0  used__main.o(FUNC_ONE)
    FRAMEWIN_SetDefaultTextColor             0x6418510d   Thumb Code     0  used__main.o(FUNC_ONE)
    FRAMEWIN_SetDefaultTitleHeight           0x64185111   Thumb Code     0  used__main.o(FUNC_ONE)
    FRAMEWIN_SetFont                         0x64185115   Thumb Code     0  used__main.o(FUNC_ONE)
    FRAMEWIN_SetMoveable                     0x64185119   Thumb Code     0  used__main.o(FUNC_ONE)
    FRAMEWIN_SetResizeable                   0x6418511d   Thumb Code     0  used__main.o(FUNC_ONE)
    FRAMEWIN_SetText                         0x64185121   Thumb Code     0  used__main.o(FUNC_ONE)
    FRAMEWIN_SetTextAlign                    0x64185125   Thumb Code     0  used__main.o(FUNC_ONE)
    FRAMEWIN_SetTextColor                    0x64185129   Thumb Code     0  used__main.o(FUNC_ONE)
    FRAMEWIN_SetTextColorEx                  0x6418512d   Thumb Code     0  used__main.o(FUNC_ONE)
    FRAMEWIN_SetTitleHeight                  0x64185131   Thumb Code     0  used__main.o(FUNC_ONE)
    FRAMEWIN_SetTitleVis                     0x64185135   Thumb Code     0  used__main.o(FUNC_ONE)
    GRAPH_AttachData                         0x64185139   Thumb Code     0  used__main.o(FUNC_ONE)
    GRAPH_AttachScale                        0x6418513d   Thumb Code     0  used__main.o(FUNC_ONE)
    GRAPH_CreateEx                           0x64185141   Thumb Code     0  used__main.o(FUNC_ONE)
    GRAPH_SetBorder                          0x64185145   Thumb Code     0  used__main.o(FUNC_ONE)
    GRAPH_SetColor                           0x64185149   Thumb Code     0  used__main.o(FUNC_ONE)
    GRAPH_SetGridDistX                       0x6418514d   Thumb Code     0  used__main.o(FUNC_ONE)
    GRAPH_SetGridDistY                       0x64185151   Thumb Code     0  used__main.o(FUNC_ONE)
    GRAPH_SetGridFixedX                      0x64185155   Thumb Code     0  used__main.o(FUNC_ONE)
    GRAPH_SetGridVis                         0x64185159   Thumb Code     0  used__main.o(FUNC_ONE)
    GRAPH_SetLineStyleH                      0x6418515d   Thumb Code     0  used__main.o(FUNC_ONE)
    GRAPH_SetLineStyleV                      0x64185161   Thumb Code     0  used__main.o(FUNC_ONE)
    GRAPH_SetVSizeX                          0x64185165   Thumb Code     0  used__main.o(FUNC_ONE)
    GRAPH_SetVSizeY                          0x64185169   Thumb Code     0  used__main.o(FUNC_ONE)
    GRAPH_SetUserDraw                        0x6418516d   Thumb Code     0  used__main.o(FUNC_ONE)
    GRAPH_DATA_YT_AddValue                   0x64185171   Thumb Code     0  used__main.o(FUNC_ONE)
    GRAPH_DATA_YT_Create                     0x64185175   Thumb Code     0  used__main.o(FUNC_ONE)
    GRAPH_DATA_YT_SetOffY                    0x64185179   Thumb Code     0  used__main.o(FUNC_ONE)
    GRAPH_DATA_XY_AddPoint                   0x6418517d   Thumb Code     0  used__main.o(FUNC_ONE)
    GRAPH_DATA_XY_Create                     0x64185181   Thumb Code     0  used__main.o(FUNC_ONE)
    GRAPH_DATA_XY_SetLineStyle               0x64185185   Thumb Code     0  used__main.o(FUNC_ONE)
    GRAPH_DATA_XY_SetOffX                    0x64185189   Thumb Code     0  used__main.o(FUNC_ONE)
    GRAPH_DATA_XY_SetOffY                    0x6418518d   Thumb Code     0  used__main.o(FUNC_ONE)
    GRAPH_DATA_XY_SetPenSize                 0x64185191   Thumb Code     0  used__main.o(FUNC_ONE)
    GRAPH_SCALE_Create                       0x64185195   Thumb Code     0  used__main.o(FUNC_ONE)
    GRAPH_SCALE_SetFactor                    0x64185199   Thumb Code     0  used__main.o(FUNC_ONE)
    GRAPH_SCALE_SetFont                      0x6418519d   Thumb Code     0  used__main.o(FUNC_ONE)
    GRAPH_SCALE_SetNumDecs                   0x641851a1   Thumb Code     0  used__main.o(FUNC_ONE)
    GRAPH_SCALE_SetOff                       0x641851a5   Thumb Code     0  used__main.o(FUNC_ONE)
    GRAPH_SCALE_SetPos                       0x641851a9   Thumb Code     0  used__main.o(FUNC_ONE)
    GRAPH_SCALE_SetTextColor                 0x641851ad   Thumb Code     0  used__main.o(FUNC_ONE)
    GRAPH_SCALE_SetTickDist                  0x641851b1   Thumb Code     0  used__main.o(FUNC_ONE)
    HEADER_AddItem                           0x641851b5   Thumb Code     0  used__main.o(FUNC_ONE)
    HEADER_Create                            0x641851b9   Thumb Code     0  used__main.o(FUNC_ONE)
    HEADER_CreateAttached                    0x641851bd   Thumb Code     0  used__main.o(FUNC_ONE)
    HEADER_CreateEx                          0x641851c1   Thumb Code     0  used__main.o(FUNC_ONE)
    HEADER_CreateIndirect                    0x641851c5   Thumb Code     0  used__main.o(FUNC_ONE)
    HEADER_GetDefaultBkColor                 0x641851c9   Thumb Code     0  used__main.o(FUNC_ONE)
    HEADER_GetDefaultBorderH                 0x641851cd   Thumb Code     0  used__main.o(FUNC_ONE)
    HEADER_GetDefaultBorderV                 0x641851d1   Thumb Code     0  used__main.o(FUNC_ONE)
    HEADER_GetDefaultCursor                  0x641851d5   Thumb Code     0  used__main.o(FUNC_ONE)
    HEADER_GetDefaultFont                    0x641851d9   Thumb Code     0  used__main.o(FUNC_ONE)
    HEADER_GetDefaultTextColor               0x641851dd   Thumb Code     0  used__main.o(FUNC_ONE)
    HEADER_GetHeight                         0x641851e1   Thumb Code     0  used__main.o(FUNC_ONE)
    HEADER_GetItemWidth                      0x641851e5   Thumb Code     0  used__main.o(FUNC_ONE)
    HEADER_GetNumItems                       0x641851e9   Thumb Code     0  used__main.o(FUNC_ONE)
    HEADER_SetBitmap                         0x641851ed   Thumb Code     0  used__main.o(FUNC_ONE)
    HEADER_SetBitmapEx                       0x641851f1   Thumb Code     0  used__main.o(FUNC_ONE)
    HEADER_SetBkColor                        0x641851f5   Thumb Code     0  used__main.o(FUNC_ONE)
    HEADER_SetBMP                            0x641851f9   Thumb Code     0  used__main.o(FUNC_ONE)
    HEADER_SetBMPEx                          0x641851fd   Thumb Code     0  used__main.o(FUNC_ONE)
    HEADER_SetDefaultBkColor                 0x64185201   Thumb Code     0  used__main.o(FUNC_ONE)
    HEADER_SetDefaultBorderH                 0x64185205   Thumb Code     0  used__main.o(FUNC_ONE)
    HEADER_SetDefaultBorderV                 0x64185209   Thumb Code     0  used__main.o(FUNC_ONE)
    HEADER_SetDefaultCursor                  0x6418520d   Thumb Code     0  used__main.o(FUNC_ONE)
    HEADER_SetDefaultFont                    0x64185211   Thumb Code     0  used__main.o(FUNC_ONE)
    HEADER_SetDefaultTextColor               0x64185215   Thumb Code     0  used__main.o(FUNC_ONE)
    HEADER_SetDragLimit                      0x64185219   Thumb Code     0  used__main.o(FUNC_ONE)
    HEADER_SetFont                           0x6418521d   Thumb Code     0  used__main.o(FUNC_ONE)
    HEADER_SetHeight                         0x64185221   Thumb Code     0  used__main.o(FUNC_ONE)
    HEADER_SetTextAlign                      0x64185225   Thumb Code     0  used__main.o(FUNC_ONE)
    HEADER_SetItemText                       0x64185229   Thumb Code     0  used__main.o(FUNC_ONE)
    HEADER_SetItemWidth                      0x6418522d   Thumb Code     0  used__main.o(FUNC_ONE)
    HEADER_SetStreamedBitmap                 0x64185231   Thumb Code     0  used__main.o(FUNC_ONE)
    HEADER_SetStreamedBitmapEx               0x64185235   Thumb Code     0  used__main.o(FUNC_ONE)
    HEADER_SetTextColor                      0x64185239   Thumb Code     0  used__main.o(FUNC_ONE)
    LISTBOX_AddString                        0x6418523d   Thumb Code     0  used__main.o(FUNC_ONE)
    LISTBOX_Create                           0x64185241   Thumb Code     0  used__main.o(FUNC_ONE)
    LISTBOX_CreateAsChild                    0x64185245   Thumb Code     0  used__main.o(FUNC_ONE)
    LISTBOX_CreateEx                         0x64185249   Thumb Code     0  used__main.o(FUNC_ONE)
    LISTBOX_CreateIndirect                   0x6418524d   Thumb Code     0  used__main.o(FUNC_ONE)
    LISTBOX_DecSel                           0x64185251   Thumb Code     0  used__main.o(FUNC_ONE)
    LISTBOX_DeleteItem                       0x64185255   Thumb Code     0  used__main.o(FUNC_ONE)
    LISTBOX_GetDefaultBkColor                0x64185259   Thumb Code     0  used__main.o(FUNC_ONE)
    LISTBOX_GetDefaultFont                   0x6418525d   Thumb Code     0  used__main.o(FUNC_ONE)
    LISTBOX_GetDefaultScrollStepH            0x64185261   Thumb Code     0  used__main.o(FUNC_ONE)
    LISTBOX_GetDefaultTextAlign              0x64185265   Thumb Code     0  used__main.o(FUNC_ONE)
    LISTBOX_GetDefaultTextColor              0x64185269   Thumb Code     0  used__main.o(FUNC_ONE)
    LISTBOX_GetFont                          0x6418526d   Thumb Code     0  used__main.o(FUNC_ONE)
    LISTBOX_GetItemDisabled                  0x64185271   Thumb Code     0  used__main.o(FUNC_ONE)
    LISTBOX_GetItemSel                       0x64185275   Thumb Code     0  used__main.o(FUNC_ONE)
    LISTBOX_GetItemText                      0x64185279   Thumb Code     0  used__main.o(FUNC_ONE)
    LISTBOX_GetMulti                         0x6418527d   Thumb Code     0  used__main.o(FUNC_ONE)
    LISTBOX_GetNumItems                      0x64185281   Thumb Code     0  used__main.o(FUNC_ONE)
    LISTBOX_GetScrollStepH                   0x64185285   Thumb Code     0  used__main.o(FUNC_ONE)
    LISTBOX_GetSel                           0x64185289   Thumb Code     0  used__main.o(FUNC_ONE)
    LISTBOX_GetTextAlign                     0x6418528d   Thumb Code     0  used__main.o(FUNC_ONE)
    LISTBOX_IncSel                           0x64185291   Thumb Code     0  used__main.o(FUNC_ONE)
    LISTBOX_InsertString                     0x64185295   Thumb Code     0  used__main.o(FUNC_ONE)
    LISTBOX_InvalidateItem                   0x64185299   Thumb Code     0  used__main.o(FUNC_ONE)
    LISTBOX_OwnerDraw                        0x6418529d   Thumb Code     0  used__main.o(FUNC_ONE)
    LISTBOX_SetAutoScrollH                   0x641852a1   Thumb Code     0  used__main.o(FUNC_ONE)
    LISTBOX_SetAutoScrollV                   0x641852a5   Thumb Code     0  used__main.o(FUNC_ONE)
    LISTBOX_SetBkColor                       0x641852a9   Thumb Code     0  used__main.o(FUNC_ONE)
    LISTBOX_SetDefaultBkColor                0x641852ad   Thumb Code     0  used__main.o(FUNC_ONE)
    LISTBOX_SetDefaultFont                   0x641852b1   Thumb Code     0  used__main.o(FUNC_ONE)
    LISTBOX_SetDefaultScrollStepH            0x641852b5   Thumb Code     0  used__main.o(FUNC_ONE)
    LISTBOX_SetDefaultTextAlign              0x641852b9   Thumb Code     0  used__main.o(FUNC_ONE)
    LISTBOX_SetDefaultTextColor              0x641852bd   Thumb Code     0  used__main.o(FUNC_ONE)
    LISTBOX_SetFont                          0x641852c1   Thumb Code     0  used__main.o(FUNC_ONE)
    LISTBOX_SetItemDisabled                  0x641852c5   Thumb Code     0  used__main.o(FUNC_ONE)
    LISTBOX_SetItemSel                       0x641852c9   Thumb Code     0  used__main.o(FUNC_ONE)
    LISTBOX_SetItemSpacing                   0x641852cd   Thumb Code     0  used__main.o(FUNC_ONE)
    LISTBOX_SetMulti                         0x641852d1   Thumb Code     0  used__main.o(FUNC_ONE)
    LISTBOX_SetOwnerDraw                     0x641852d5   Thumb Code     0  used__main.o(FUNC_ONE)
    LISTBOX_SetScrollbarColor                0x641852d9   Thumb Code     0  used__main.o(FUNC_ONE)
    LISTBOX_SetScrollbarWidth                0x641852dd   Thumb Code     0  used__main.o(FUNC_ONE)
    LISTBOX_SetScrollStepH                   0x641852e1   Thumb Code     0  used__main.o(FUNC_ONE)
    LISTBOX_SetSel                           0x641852e5   Thumb Code     0  used__main.o(FUNC_ONE)
    LISTBOX_SetString                        0x641852e9   Thumb Code     0  used__main.o(FUNC_ONE)
    LISTBOX_SetTextAlign                     0x641852ed   Thumb Code     0  used__main.o(FUNC_ONE)
    LISTBOX_SetTextColor                     0x641852f1   Thumb Code     0  used__main.o(FUNC_ONE)
    LISTVIEW_AddColumn                       0x641852f5   Thumb Code     0  used__main.o(FUNC_ONE)
    LISTVIEW_AddRow                          0x641852f9   Thumb Code     0  used__main.o(FUNC_ONE)
    LISTVIEW_CompareDec                      0x641852fd   Thumb Code     0  used__main.o(FUNC_ONE)
    LISTVIEW_CompareText                     0x64185301   Thumb Code     0  used__main.o(FUNC_ONE)
    LISTVIEW_Create                          0x64185305   Thumb Code     0  used__main.o(FUNC_ONE)
    LISTVIEW_CreateAttached                  0x64185309   Thumb Code     0  used__main.o(FUNC_ONE)
    LISTVIEW_CreateEx                        0x6418530d   Thumb Code     0  used__main.o(FUNC_ONE)
    LISTVIEW_CreateIndirect                  0x64185311   Thumb Code     0  used__main.o(FUNC_ONE)
    LISTVIEW_DecSel                          0x64185315   Thumb Code     0  used__main.o(FUNC_ONE)
    LISTVIEW_DeleteColumn                    0x64185319   Thumb Code     0  used__main.o(FUNC_ONE)
    LISTVIEW_DeleteRow                       0x6418531d   Thumb Code     0  used__main.o(FUNC_ONE)
    LISTVIEW_DisableRow                      0x64185321   Thumb Code     0  used__main.o(FUNC_ONE)
    LISTVIEW_DisableSort                     0x64185325   Thumb Code     0  used__main.o(FUNC_ONE)
    LISTVIEW_EnableRow                       0x64185329   Thumb Code     0  used__main.o(FUNC_ONE)
    LISTVIEW_EnableSort                      0x6418532d   Thumb Code     0  used__main.o(FUNC_ONE)
    LISTVIEW_GetBkColor                      0x64185331   Thumb Code     0  used__main.o(FUNC_ONE)
    LISTVIEW_GetFont                         0x64185335   Thumb Code     0  used__main.o(FUNC_ONE)
    LISTVIEW_GetHeader                       0x64185339   Thumb Code     0  used__main.o(FUNC_ONE)
    LISTVIEW_GetItemText                     0x6418533d   Thumb Code     0  used__main.o(FUNC_ONE)
    LISTVIEW_GetNumColumns                   0x64185341   Thumb Code     0  used__main.o(FUNC_ONE)
    LISTVIEW_GetNumRows                      0x64185345   Thumb Code     0  used__main.o(FUNC_ONE)
    LISTVIEW_GetSel                          0x64185349   Thumb Code     0  used__main.o(FUNC_ONE)
    LISTVIEW_GetSelUnsorted                  0x6418534d   Thumb Code     0  used__main.o(FUNC_ONE)
    LISTVIEW_GetTextColor                    0x64185351   Thumb Code     0  used__main.o(FUNC_ONE)
    LISTVIEW_GetUserData                     0x64185355   Thumb Code     0  used__main.o(FUNC_ONE)
    LISTVIEW_IncSel                          0x64185359   Thumb Code     0  used__main.o(FUNC_ONE)
    LISTVIEW_InsertRow                       0x6418535d   Thumb Code     0  used__main.o(FUNC_ONE)
    LISTVIEW_SetAutoScrollH                  0x64185361   Thumb Code     0  used__main.o(FUNC_ONE)
    LISTVIEW_SetAutoScrollV                  0x64185365   Thumb Code     0  used__main.o(FUNC_ONE)
    LISTVIEW_SetBkColor                      0x64185369   Thumb Code     0  used__main.o(FUNC_ONE)
    LISTVIEW_SetColumnWidth                  0x6418536d   Thumb Code     0  used__main.o(FUNC_ONE)
    LISTVIEW_SetCompareFunc                  0x64185371   Thumb Code     0  used__main.o(FUNC_ONE)
    LISTVIEW_SetDefaultBkColor               0x64185375   Thumb Code     0  used__main.o(FUNC_ONE)
    LISTVIEW_SetDefaultFont                  0x64185379   Thumb Code     0  used__main.o(FUNC_ONE)
    LISTVIEW_SetDefaultGridColor             0x6418537d   Thumb Code     0  used__main.o(FUNC_ONE)
    LISTVIEW_SetDefaultTextColor             0x64185381   Thumb Code     0  used__main.o(FUNC_ONE)
    LISTVIEW_SetFont                         0x64185385   Thumb Code     0  used__main.o(FUNC_ONE)
    LISTVIEW_SetGridVis                      0x64185389   Thumb Code     0  used__main.o(FUNC_ONE)
    LISTVIEW_SetItemBkColor                  0x6418538d   Thumb Code     0  used__main.o(FUNC_ONE)
    LISTVIEW_SetItemText                     0x64185391   Thumb Code     0  used__main.o(FUNC_ONE)
    LISTVIEW_SetItemTextColor                0x64185395   Thumb Code     0  used__main.o(FUNC_ONE)
    LISTVIEW_SetLBorder                      0x64185399   Thumb Code     0  used__main.o(FUNC_ONE)
    LISTVIEW_SetRBorder                      0x6418539d   Thumb Code     0  used__main.o(FUNC_ONE)
    LISTVIEW_SetRowHeight                    0x641853a1   Thumb Code     0  used__main.o(FUNC_ONE)
    LISTVIEW_SetSel                          0x641853a5   Thumb Code     0  used__main.o(FUNC_ONE)
    LISTVIEW_SetSelUnsorted                  0x641853a9   Thumb Code     0  used__main.o(FUNC_ONE)
    LISTVIEW_SetSort                         0x641853ad   Thumb Code     0  used__main.o(FUNC_ONE)
    LISTVIEW_SetTextAlign                    0x641853b1   Thumb Code     0  used__main.o(FUNC_ONE)
    LISTVIEW_SetTextColor                    0x641853b5   Thumb Code     0  used__main.o(FUNC_ONE)
    LISTVIEW_SetUserData                     0x641853b9   Thumb Code     0  used__main.o(FUNC_ONE)
    MENU_AddItem                             0x641853bd   Thumb Code     0  used__main.o(FUNC_ONE)
    MENU_Attach                              0x641853c1   Thumb Code     0  used__main.o(FUNC_ONE)
    MENU_CreateEx                            0x641853c5   Thumb Code     0  used__main.o(FUNC_ONE)
    MENU_DeleteItem                          0x641853c9   Thumb Code     0  used__main.o(FUNC_ONE)
    MENU_DisableItem                         0x641853cd   Thumb Code     0  used__main.o(FUNC_ONE)
    MENU_EnableItem                          0x641853d1   Thumb Code     0  used__main.o(FUNC_ONE)
    MENU_GetDefaultBkColor                   0x641853d5   Thumb Code     0  used__main.o(FUNC_ONE)
    MENU_GetDefaultBorderSize                0x641853d9   Thumb Code     0  used__main.o(FUNC_ONE)
    MENU_GetDefaultEffect                    0x641853dd   Thumb Code     0  used__main.o(FUNC_ONE)
    MENU_GetDefaultFont                      0x641853e1   Thumb Code     0  used__main.o(FUNC_ONE)
    MENU_GetDefaultTextColor                 0x641853e5   Thumb Code     0  used__main.o(FUNC_ONE)
    MENU_GetItem                             0x641853e9   Thumb Code     0  used__main.o(FUNC_ONE)
    MENU_GetItemText                         0x641853ed   Thumb Code     0  used__main.o(FUNC_ONE)
    MENU_GetNumItems                         0x641853f1   Thumb Code     0  used__main.o(FUNC_ONE)
    MENU_InsertItem                          0x641853f5   Thumb Code     0  used__main.o(FUNC_ONE)
    MENU_Popup                               0x641853f9   Thumb Code     0  used__main.o(FUNC_ONE)
    MENU_SetBkColor                          0x641853fd   Thumb Code     0  used__main.o(FUNC_ONE)
    MENU_SetBorderSize                       0x64185401   Thumb Code     0  used__main.o(FUNC_ONE)
    MENU_SetDefaultBkColor                   0x64185405   Thumb Code     0  used__main.o(FUNC_ONE)
    MENU_SetDefaultBorderSize                0x64185409   Thumb Code     0  used__main.o(FUNC_ONE)
    MENU_SetDefaultEffect                    0x6418540d   Thumb Code     0  used__main.o(FUNC_ONE)
    MENU_SetDefaultFont                      0x64185411   Thumb Code     0  used__main.o(FUNC_ONE)
    MENU_SetDefaultTextColor                 0x64185415   Thumb Code     0  used__main.o(FUNC_ONE)
    MENU_SetFont                             0x64185419   Thumb Code     0  used__main.o(FUNC_ONE)
    MENU_SetItem                             0x6418541d   Thumb Code     0  used__main.o(FUNC_ONE)
    MENU_SetOwner                            0x64185421   Thumb Code     0  used__main.o(FUNC_ONE)
    MENU_SetTextColor                        0x64185425   Thumb Code     0  used__main.o(FUNC_ONE)
    MULTIEDIT_AddKey                         0x64185429   Thumb Code     0  used__main.o(FUNC_ONE)
    MULTIEDIT_AddText                        0x6418542d   Thumb Code     0  used__main.o(FUNC_ONE)
    MULTIEDIT_Create                         0x64185431   Thumb Code     0  used__main.o(FUNC_ONE)
    MULTIEDIT_CreateEx                       0x64185435   Thumb Code     0  used__main.o(FUNC_ONE)
    MULTIEDIT_GetCursorCharPos               0x64185439   Thumb Code     0  used__main.o(FUNC_ONE)
    MULTIEDIT_GetCursorPixelPos              0x6418543d   Thumb Code     0  used__main.o(FUNC_ONE)
    MULTIEDIT_GetPrompt                      0x64185441   Thumb Code     0  used__main.o(FUNC_ONE)
    MULTIEDIT_GetText                        0x64185445   Thumb Code     0  used__main.o(FUNC_ONE)
    MULTIEDIT_GetTextSize                    0x64185449   Thumb Code     0  used__main.o(FUNC_ONE)
    MULTIEDIT_SetAutoScrollH                 0x6418544d   Thumb Code     0  used__main.o(FUNC_ONE)
    MULTIEDIT_SetAutoScrollV                 0x64185451   Thumb Code     0  used__main.o(FUNC_ONE)
    MULTIEDIT_SetBkColor                     0x64185455   Thumb Code     0  used__main.o(FUNC_ONE)
    MULTIEDIT_SetBufferSize                  0x64185459   Thumb Code     0  used__main.o(FUNC_ONE)
    MULTIEDIT_SetCursorOffset                0x6418545d   Thumb Code     0  used__main.o(FUNC_ONE)
    MULTIEDIT_SetFont                        0x64185461   Thumb Code     0  used__main.o(FUNC_ONE)
    MULTIEDIT_SetInsertMode                  0x64185465   Thumb Code     0  used__main.o(FUNC_ONE)
    MULTIEDIT_SetMaxNumChars                 0x64185469   Thumb Code     0  used__main.o(FUNC_ONE)
    MULTIEDIT_SetPasswordMode                0x6418546d   Thumb Code     0  used__main.o(FUNC_ONE)
    MULTIEDIT_SetPrompt                      0x64185471   Thumb Code     0  used__main.o(FUNC_ONE)
    MULTIEDIT_SetReadOnly                    0x64185475   Thumb Code     0  used__main.o(FUNC_ONE)
    MULTIEDIT_SetText                        0x64185479   Thumb Code     0  used__main.o(FUNC_ONE)
    MULTIEDIT_SetTextAlign                   0x6418547d   Thumb Code     0  used__main.o(FUNC_ONE)
    MULTIEDIT_SetTextColor                   0x64185481   Thumb Code     0  used__main.o(FUNC_ONE)
    MULTIEDIT_SetWrapWord                    0x64185485   Thumb Code     0  used__main.o(FUNC_ONE)
    MULTIEDIT_SetWrapNone                    0x64185489   Thumb Code     0  used__main.o(FUNC_ONE)
    MULTIPAGE_AddPage                        0x6418548d   Thumb Code     0  used__main.o(FUNC_ONE)
    MULTIPAGE_CreateEx                       0x64185491   Thumb Code     0  used__main.o(FUNC_ONE)
    MULTIPAGE_CreateIndirect                 0x64185495   Thumb Code     0  used__main.o(FUNC_ONE)
    MULTIPAGE_DeletePage                     0x64185499   Thumb Code     0  used__main.o(FUNC_ONE)
    MULTIPAGE_DisablePage                    0x6418549d   Thumb Code     0  used__main.o(FUNC_ONE)
    MULTIPAGE_EnablePage                     0x641854a1   Thumb Code     0  used__main.o(FUNC_ONE)
    MULTIPAGE_GetDefaultAlign                0x641854a5   Thumb Code     0  used__main.o(FUNC_ONE)
    MULTIPAGE_GetDefaultBkColor              0x641854a9   Thumb Code     0  used__main.o(FUNC_ONE)
    MULTIPAGE_GetDefaultFont                 0x641854ad   Thumb Code     0  used__main.o(FUNC_ONE)
    MULTIPAGE_GetDefaultTextColor            0x641854b1   Thumb Code     0  used__main.o(FUNC_ONE)
    MULTIPAGE_GetSelection                   0x641854b5   Thumb Code     0  used__main.o(FUNC_ONE)
    MULTIPAGE_GetWindow                      0x641854b9   Thumb Code     0  used__main.o(FUNC_ONE)
    MULTIPAGE_IsPageEnabled                  0x641854bd   Thumb Code     0  used__main.o(FUNC_ONE)
    MULTIPAGE_SelectPage                     0x641854c1   Thumb Code     0  used__main.o(FUNC_ONE)
    MULTIPAGE_SetAlign                       0x641854c5   Thumb Code     0  used__main.o(FUNC_ONE)
    MULTIPAGE_SetBkColor                     0x641854c9   Thumb Code     0  used__main.o(FUNC_ONE)
    MULTIPAGE_SetDefaultAlign                0x641854cd   Thumb Code     0  used__main.o(FUNC_ONE)
    MULTIPAGE_SetDefaultBkColor              0x641854d1   Thumb Code     0  used__main.o(FUNC_ONE)
    MULTIPAGE_SetDefaultFont                 0x641854d5   Thumb Code     0  used__main.o(FUNC_ONE)
    MULTIPAGE_SetDefaultTextColor            0x641854d9   Thumb Code     0  used__main.o(FUNC_ONE)
    MULTIPAGE_SetFont                        0x641854dd   Thumb Code     0  used__main.o(FUNC_ONE)
    MULTIPAGE_SetText                        0x641854e1   Thumb Code     0  used__main.o(FUNC_ONE)
    MULTIPAGE_SetTextColor                   0x641854e5   Thumb Code     0  used__main.o(FUNC_ONE)
    PROGBAR_Create                           0x641854e9   Thumb Code     0  used__main.o(FUNC_ONE)
    PROGBAR_CreateAsChild                    0x641854ed   Thumb Code     0  used__main.o(FUNC_ONE)
    PROGBAR_CreateEx                         0x641854f1   Thumb Code     0  used__main.o(FUNC_ONE)
    PROGBAR_CreateIndirect                   0x641854f5   Thumb Code     0  used__main.o(FUNC_ONE)
    PROGBAR_SetBarColor                      0x641854f9   Thumb Code     0  used__main.o(FUNC_ONE)
    PROGBAR_SetFont                          0x641854fd   Thumb Code     0  used__main.o(FUNC_ONE)
    PROGBAR_SetMinMax                        0x64185501   Thumb Code     0  used__main.o(FUNC_ONE)
    PROGBAR_SetText                          0x64185505   Thumb Code     0  used__main.o(FUNC_ONE)
    PROGBAR_SetTextAlign                     0x64185509   Thumb Code     0  used__main.o(FUNC_ONE)
    PROGBAR_SetTextColor                     0x6418550d   Thumb Code     0  used__main.o(FUNC_ONE)
    PROGBAR_SetTextPos                       0x64185511   Thumb Code     0  used__main.o(FUNC_ONE)
    PROGBAR_SetValue                         0x64185515   Thumb Code     0  used__main.o(FUNC_ONE)
    RADIO_Create                             0x64185519   Thumb Code     0  used__main.o(FUNC_ONE)
    RADIO_CreateEx                           0x6418551d   Thumb Code     0  used__main.o(FUNC_ONE)
    RADIO_CreateIndirect                     0x64185521   Thumb Code     0  used__main.o(FUNC_ONE)
    RADIO_Dec                                0x64185525   Thumb Code     0  used__main.o(FUNC_ONE)
    RADIO_GetDefaultFont                     0x64185529   Thumb Code     0  used__main.o(FUNC_ONE)
    RADIO_GetDefaultTextColor                0x6418552d   Thumb Code     0  used__main.o(FUNC_ONE)
    RADIO_GetText                            0x64185531   Thumb Code     0  used__main.o(FUNC_ONE)
    RADIO_GetValue                           0x64185535   Thumb Code     0  used__main.o(FUNC_ONE)
    RADIO_Inc                                0x64185539   Thumb Code     0  used__main.o(FUNC_ONE)
    RADIO_SetBkColor                         0x6418553d   Thumb Code     0  used__main.o(FUNC_ONE)
    RADIO_SetDefaultFocusColor               0x64185541   Thumb Code     0  used__main.o(FUNC_ONE)
    RADIO_SetDefaultFont                     0x64185545   Thumb Code     0  used__main.o(FUNC_ONE)
    RADIO_SetDefaultImage                    0x64185549   Thumb Code     0  used__main.o(FUNC_ONE)
    RADIO_SetDefaultTextColor                0x6418554d   Thumb Code     0  used__main.o(FUNC_ONE)
    RADIO_SetFocusColor                      0x64185551   Thumb Code     0  used__main.o(FUNC_ONE)
    RADIO_SetFont                            0x64185555   Thumb Code     0  used__main.o(FUNC_ONE)
    RADIO_SetGroupId                         0x64185559   Thumb Code     0  used__main.o(FUNC_ONE)
    RADIO_SetImage                           0x6418555d   Thumb Code     0  used__main.o(FUNC_ONE)
    RADIO_SetText                            0x64185561   Thumb Code     0  used__main.o(FUNC_ONE)
    RADIO_SetTextColor                       0x64185565   Thumb Code     0  used__main.o(FUNC_ONE)
    RADIO_SetValue                           0x64185569   Thumb Code     0  used__main.o(FUNC_ONE)
    SCROLLBAR_AddValue                       0x6418556d   Thumb Code     0  used__main.o(FUNC_ONE)
    SCROLLBAR_Create                         0x64185571   Thumb Code     0  used__main.o(FUNC_ONE)
    SCROLLBAR_CreateAttached                 0x64185575   Thumb Code     0  used__main.o(FUNC_ONE)
    SCROLLBAR_CreateEx                       0x64185579   Thumb Code     0  used__main.o(FUNC_ONE)
    SCROLLBAR_CreateIndirect                 0x6418557d   Thumb Code     0  used__main.o(FUNC_ONE)
    SCROLLBAR_Dec                            0x64185581   Thumb Code     0  used__main.o(FUNC_ONE)
    SCROLLBAR_GetDefaultWidth                0x64185585   Thumb Code     0  used__main.o(FUNC_ONE)
    SCROLLBAR_GetValue                       0x64185589   Thumb Code     0  used__main.o(FUNC_ONE)
    SCROLLBAR_Inc                            0x6418558d   Thumb Code     0  used__main.o(FUNC_ONE)
    SCROLLBAR_SetColor                       0x64185591   Thumb Code     0  used__main.o(FUNC_ONE)
    SCROLLBAR_SetDefaultColor                0x64185595   Thumb Code     0  used__main.o(FUNC_ONE)
    SCROLLBAR_SetDefaultWidth                0x64185599   Thumb Code     0  used__main.o(FUNC_ONE)
    SCROLLBAR_SetNumItems                    0x6418559d   Thumb Code     0  used__main.o(FUNC_ONE)
    SCROLLBAR_SetPageSize                    0x641855a1   Thumb Code     0  used__main.o(FUNC_ONE)
    SCROLLBAR_SetState                       0x641855a5   Thumb Code     0  used__main.o(FUNC_ONE)
    SCROLLBAR_SetValue                       0x641855a9   Thumb Code     0  used__main.o(FUNC_ONE)
    SCROLLBAR_SetWidth                       0x641855ad   Thumb Code     0  used__main.o(FUNC_ONE)
    SLIDER_Create                            0x641855b1   Thumb Code     0  used__main.o(FUNC_ONE)
    SLIDER_CreateEx                          0x641855b5   Thumb Code     0  used__main.o(FUNC_ONE)
    SLIDER_CreateIndirect                    0x641855b9   Thumb Code     0  used__main.o(FUNC_ONE)
    SLIDER_Dec                               0x641855bd   Thumb Code     0  used__main.o(FUNC_ONE)
    SLIDER_GetValue                          0x641855c1   Thumb Code     0  used__main.o(FUNC_ONE)
    SLIDER_Inc                               0x641855c5   Thumb Code     0  used__main.o(FUNC_ONE)
    SLIDER_SetBkColor                        0x641855c9   Thumb Code     0  used__main.o(FUNC_ONE)
    SLIDER_SetDefaultFocusColor              0x641855cd   Thumb Code     0  used__main.o(FUNC_ONE)
    SLIDER_SetFocusColor                     0x641855d1   Thumb Code     0  used__main.o(FUNC_ONE)
    SLIDER_SetNumTicks                       0x641855d5   Thumb Code     0  used__main.o(FUNC_ONE)
    SLIDER_SetRange                          0x641855d9   Thumb Code     0  used__main.o(FUNC_ONE)
    SLIDER_SetValue                          0x641855dd   Thumb Code     0  used__main.o(FUNC_ONE)
    SLIDER_SetWidth                          0x641855e1   Thumb Code     0  used__main.o(FUNC_ONE)
    TEXT_Create                              0x641855e5   Thumb Code     0  used__main.o(FUNC_ONE)
    TEXT_CreateAsChild                       0x641855e9   Thumb Code     0  used__main.o(FUNC_ONE)
    TEXT_CreateEx                            0x641855ed   Thumb Code     0  used__main.o(FUNC_ONE)
    TEXT_CreateIndirect                      0x641855f1   Thumb Code     0  used__main.o(FUNC_ONE)
    TEXT_GetDefaultFont                      0x641855f5   Thumb Code     0  used__main.o(FUNC_ONE)
    TEXT_SetBkColor                          0x641855f9   Thumb Code     0  used__main.o(FUNC_ONE)
    TEXT_SetDefaultFont                      0x641855fd   Thumb Code     0  used__main.o(FUNC_ONE)
    TEXT_SetDefaultTextColor                 0x64185601   Thumb Code     0  used__main.o(FUNC_ONE)
    TEXT_SetDefaultWrapMode                  0x64185605   Thumb Code     0  used__main.o(FUNC_ONE)
    TEXT_SetFont                             0x64185609   Thumb Code     0  used__main.o(FUNC_ONE)
    TEXT_SetText                             0x6418560d   Thumb Code     0  used__main.o(FUNC_ONE)
    TEXT_SetTextAlign                        0x64185611   Thumb Code     0  used__main.o(FUNC_ONE)
    TEXT_SetTextColor                        0x64185615   Thumb Code     0  used__main.o(FUNC_ONE)
    TEXT_SetWrapMode                         0x64185619   Thumb Code     0  used__main.o(FUNC_ONE)
    WINDOW_CreateIndirect                    0x6418561d   Thumb Code     0  used__main.o(FUNC_ONE)
    WINDOW_SetDefaultBkColor                 0x64185621   Thumb Code     0  used__main.o(FUNC_ONE)
    GUI_CreateDialogBox                      0x64185625   Thumb Code     0  used__main.o(FUNC_ONE)
    GUI_ExecDialogBox                        0x64185629   Thumb Code     0  used__main.o(FUNC_ONE)
    GUI_EndDialog                            0x6418562d   Thumb Code     0  used__main.o(FUNC_ONE)
    GUI_MessageBox                           0x64185631   Thumb Code     0  used__main.o(FUNC_ONE)
    MESSAGEBOX_Create                        0x64185635   Thumb Code     0  used__main.o(FUNC_ONE)
    GUI_PID_GetState                         0x64185639   Thumb Code     0  used__main.o(FUNC_ONE)
    GUI_PID_StoreState                       0x6418563d   Thumb Code     0  used__main.o(FUNC_ONE)
    GUI_TOUCH_GetState                       0x64185641   Thumb Code     0  used__main.o(FUNC_ONE)
    GUI_TOUCH_StoreState                     0x64185645   Thumb Code     0  used__main.o(FUNC_ONE)
    GUI_TOUCH_StoreStateEx                   0x64185649   Thumb Code     0  used__main.o(FUNC_ONE)
    GUI_ClearKeyBuffer                       0x6418564d   Thumb Code     0  used__main.o(FUNC_ONE)
    GUI_GetKey                               0x64185651   Thumb Code     0  used__main.o(FUNC_ONE)
    GUI_StoreKey                             0x64185655   Thumb Code     0  used__main.o(FUNC_ONE)
    GUI_WaitKey                              0x64185659   Thumb Code     0  used__main.o(FUNC_ONE)
    GUI_GetFont                              0x6418565d   Thumb Code     0  used__main.o(FUNC_ONE)
    GUI_SetFont                              0x64185661   Thumb Code     0  used__main.o(FUNC_ONE)
    GUI_SIF_CreateFont                       0x64185665   Thumb Code     0  used__main.o(FUNC_ONE)
    GUI_SIF_DeleteFont                       0x64185669   Thumb Code     0  used__main.o(FUNC_ONE)
    GUI_GetCharDistX                         0x6418566d   Thumb Code     0  used__main.o(FUNC_ONE)
    GUI_GetFontDistY                         0x64185671   Thumb Code     0  used__main.o(FUNC_ONE)
    GUI_GetFontInfo                          0x64185675   Thumb Code     0  used__main.o(FUNC_ONE)
    GUI_GetFontSizeY                         0x64185679   Thumb Code     0  used__main.o(FUNC_ONE)
    GUI_GetStringDistX                       0x6418567d   Thumb Code     0  used__main.o(FUNC_ONE)
    GUI_GetTextExtend                        0x64185681   Thumb Code     0  used__main.o(FUNC_ONE)
    GUI_GetYDistOfFont                       0x64185685   Thumb Code     0  used__main.o(FUNC_ONE)
    GUI_GetYSizeOfFont                       0x64185689   Thumb Code     0  used__main.o(FUNC_ONE)
    GUI_IsInFont                             0x6418568d   Thumb Code     0  used__main.o(FUNC_ONE)
    GUI_GetBkColor                           0x64185691   Thumb Code     0  used__main.o(FUNC_ONE)
    GUI_GetBkColorIndex                      0x64185695   Thumb Code     0  used__main.o(FUNC_ONE)
    GUI_GetColor                             0x64185699   Thumb Code     0  used__main.o(FUNC_ONE)
    GUI_GetColorIndex                        0x6418569d   Thumb Code     0  used__main.o(FUNC_ONE)
    GUI_SetBkColor                           0x641856a1   Thumb Code     0  used__main.o(FUNC_ONE)
    GUI_SetBkColorIndex                      0x641856a5   Thumb Code     0  used__main.o(FUNC_ONE)
    GUI_SetColor                             0x641856a9   Thumb Code     0  used__main.o(FUNC_ONE)
    GUI_SetColorIndex                        0x641856ad   Thumb Code     0  used__main.o(FUNC_ONE)
    GUI_Color2Index                          0x641856b1   Thumb Code     0  used__main.o(FUNC_ONE)
    GUI_Index2Color                          0x641856b5   Thumb Code     0  used__main.o(FUNC_ONE)
    GUI_CURSOR_GetState                      0x641856b9   Thumb Code     0  used__main.o(FUNC_ONE)
    GUI_CURSOR_Hide                          0x641856bd   Thumb Code     0  used__main.o(FUNC_ONE)
    GUI_CURSOR_Select                        0x641856c1   Thumb Code     0  used__main.o(FUNC_ONE)
    GUI_CURSOR_SetPosition                   0x641856c5   Thumb Code     0  used__main.o(FUNC_ONE)
    GUI_CURSOR_Show                          0x641856c9   Thumb Code     0  used__main.o(FUNC_ONE)
    GUI_Delay                                0x641856cd   Thumb Code     0  used__main.o(FUNC_ONE)
    GUI_Exec                                 0x641856d1   Thumb Code     0  used__main.o(FUNC_ONE)
    GUI_Exec1                                0x641856d5   Thumb Code     0  used__main.o(FUNC_ONE)
    GUI_GetTime                              0x641856d9   Thumb Code     0  used__main.o(FUNC_ONE)
    GUI_ALLOC_h2p                            0x641856dd   Thumb Code     0  used__main.o(FUNC_ONE)
    GUI_GetFontAddress                       0x641856e1   Thumb Code     0  used__main.o(FUNC_ONE)
    FRAMEWIN_CreateIndirect                  0x641856e5   Thumb Code     0  used__main.o(FUNC_ONE)
    GUI_GetIconAddress                       0x641856e9   Thumb Code     0  used__main.o(FUNC_ONE)
    GUI_SetPenSize                           0x641856ed   Thumb Code     0  used__main.o(FUNC_ONE)
    WIDGET_GetState                          0x641856f1   Thumb Code     0  used__main.o(FUNC_ONE)
    BUTTON_SetFocusColor                     0x641856f5   Thumb Code     0  used__main.o(FUNC_ONE)
    _DrawBitmap                              0x641856f9   Thumb Code     0  used__main.o(FUNC_ONE)
    LCD_Index2Color_565                      0x641856fd   Thumb Code     0  used__main.o(FUNC_ONE)
    _DrawBitmapSwapRB                        0x64185701   Thumb Code     0  used__main.o(FUNC_ONE)
    GUI_DispChar                             0x64185709   Thumb Code     0  used__main.o(FUNC_ONE)
    GUI_DispCharAt                           0x6418570d   Thumb Code     0  used__main.o(FUNC_ONE)
    GUI_DispChars                            0x64185711   Thumb Code     0  used__main.o(FUNC_ONE)
    GUI_DispNextLine                         0x64185715   Thumb Code     0  used__main.o(FUNC_ONE)
    GUI_DispString                           0x64185719   Thumb Code     0  used__main.o(FUNC_ONE)
    GUI_DispStringAt                         0x6418571d   Thumb Code     0  used__main.o(FUNC_ONE)
    GUI_DispStringAtCEOL                     0x64185721   Thumb Code     0  used__main.o(FUNC_ONE)
    GUI_DispStringHCenterAt                  0x64185725   Thumb Code     0  used__main.o(FUNC_ONE)
    GUI_DispStringInRect                     0x64185729   Thumb Code     0  used__main.o(FUNC_ONE)
    GUI_DispStringInRectEx                   0x6418572d   Thumb Code     0  used__main.o(FUNC_ONE)
    GUI_DispStringInRectWrap                 0x64185731   Thumb Code     0  used__main.o(FUNC_ONE)
    GUI_DispStringLen                        0x64185735   Thumb Code     0  used__main.o(FUNC_ONE)
    GUI_GetTextMode                          0x64185739   Thumb Code     0  used__main.o(FUNC_ONE)
    GUI_SetTextMode                          0x6418573d   Thumb Code     0  used__main.o(FUNC_ONE)
    GUI_SetTextStyle                         0x64185741   Thumb Code     0  used__main.o(FUNC_ONE)
    GUI_GetTextAlign                         0x64185745   Thumb Code     0  used__main.o(FUNC_ONE)
    GUI_SetLBorder                           0x64185749   Thumb Code     0  used__main.o(FUNC_ONE)
    GUI_SetTextAlign                         0x6418574d   Thumb Code     0  used__main.o(FUNC_ONE)
    GUI_GotoX                                0x64185751   Thumb Code     0  used__main.o(FUNC_ONE)
    GUI_GotoXY                               0x64185755   Thumb Code     0  used__main.o(FUNC_ONE)
    GUI_GotoY                                0x64185759   Thumb Code     0  used__main.o(FUNC_ONE)
    GUI_GetDispPosX                          0x6418575d   Thumb Code     0  used__main.o(FUNC_ONE)
    GUI_GetDispPosY                          0x64185761   Thumb Code     0  used__main.o(FUNC_ONE)
    GUI_Clear                                0x64185765   Thumb Code     0  used__main.o(FUNC_ONE)
    GUI_DispCEOL                             0x64185769   Thumb Code     0  used__main.o(FUNC_ONE)
    LISTBOX_SetText                          0x6418576d   Thumb Code     0  used__main.o(FUNC_ONE)
    GUI_Init                                 0x64185771   Thumb Code     0  used__main.o(FUNC_ONE)
    BUTTON_SetDefaultFocusColor              0x64185775   Thumb Code     0  used__main.o(FUNC_ONE)
    MULTIEDIT_SetHBorder                     0x64185779   Thumb Code     0  used__main.o(FUNC_ONE)
    MULTIEDIT_SetWrapChar                    0x6418577d   Thumb Code     0  used__main.o(FUNC_ONE)
    Lib_srand                                0x64185781   Thumb Code     0  used__main.o(FUNC_ONE)
    Lib_rand                                 0x64185785   Thumb Code     0  used__main.o(FUNC_ONE)
    Lib_calloc                               0x64185789   Thumb Code     0  used__main.o(FUNC_ONE)
    Lib_free                                 0x6418578d   Thumb Code     0  used__main.o(FUNC_ONE)
    Lib_malloc                               0x64185791   Thumb Code     0  used__main.o(FUNC_ONE)
    Lib_realloc                              0x64185795   Thumb Code     0  used__main.o(FUNC_ONE)
    GUI_StoreKeyMsg                          0x64185799   Thumb Code     0  used__main.o(FUNC_ONE)
    GUI_SendKeyMsg                           0x6418579d   Thumb Code     0  used__main.o(FUNC_ONE)
    WM_SetEnableState                        0x641857a1   Thumb Code     0  used__main.o(FUNC_ONE)
    GUI_DrawFocusRect                        0x641857a5   Thumb Code     0  used__main.o(FUNC_ONE)
    LCD_GetXSize                             0x641857a9   Thumb Code     0  used__main.o(FUNC_ONE)
    LCD_GetYSize                             0x641857ad   Thumb Code     0  used__main.o(FUNC_ONE)
    GUI_TOUCH_GetxPhys                       0x641857b1   Thumb Code     0  used__main.o(FUNC_ONE)
    GUI_TOUCH_GetyPhys                       0x641857b5   Thumb Code     0  used__main.o(FUNC_ONE)
    GUI_TOUCH_Calibrate                      0x641857b9   Thumb Code     0  used__main.o(FUNC_ONE)
    GUI_GetCursorAddress                     0x641857bd   Thumb Code     0  used__main.o(FUNC_ONE)
    GUI_TOUCH_Exec                           0x641857c1   Thumb Code     0  used__main.o(FUNC_ONE)
    GUI_WaitEvent                            0x641857c5   Thumb Code     0  used__main.o(FUNC_ONE)
    WM_SetScrollbarV                         0x641857c9   Thumb Code     0  used__main.o(FUNC_ONE)
    WM_SetScrollbarH                         0x641857cd   Thumb Code     0  used__main.o(FUNC_ONE)
    GUI_ExecCreatedDialog                    0x641857d1   Thumb Code     0  used__main.o(FUNC_ONE)
    MULTIEDIT_CreateIndirect                 0x641857d5   Thumb Code     0  used__main.o(FUNC_ONE)
    WIDGET_GetDefaultEffect                  0x641857d9   Thumb Code     0  used__main.o(FUNC_ONE)
    WIDGET_SetDefaultEffect                  0x641857dd   Thumb Code     0  used__main.o(FUNC_ONE)
    WIDGET_SetDefaultEffect_None             0x641857e1   Thumb Code     0  used__main.o(FUNC_ONE)
    WIDGET_SetDefaultEffect_3D               0x641857e5   Thumb Code     0  used__main.o(FUNC_ONE)
    WIDGET_SetDefaultEffect_Simple           0x641857e9   Thumb Code     0  used__main.o(FUNC_ONE)
    WIDGET_SetEffect                         0x641857ed   Thumb Code     0  used__main.o(FUNC_ONE)
    WIDGET_GetEffect                         0x641857f1   Thumb Code     0  used__main.o(FUNC_ONE)
    WM_GetScrollbarH                         0x641857f5   Thumb Code     0  used__main.o(FUNC_ONE)
    WM_GetScrollbarV                         0x641857f9   Thumb Code     0  used__main.o(FUNC_ONE)
    WM_GetScrollState                        0x641857fd   Thumb Code     0  used__main.o(FUNC_ONE)
    GRAPH_CreateIndirect                     0x64185801   Thumb Code     0  used__main.o(FUNC_ONE)
    GUI_GetRotate                            0x64185805   Thumb Code     0  used__main.o(FUNC_ONE)
    GRAPH_DATA_YT_SetAlign                   0x64185809   Thumb Code     0  used__main.o(FUNC_ONE)
    LCD_GetDevCap                            0x6418580d   Thumb Code     0  used__main.o(FUNC_ONE)
    GUI_ClearRectEx                          0x64185811   Thumb Code     0  used__main.o(FUNC_ONE)
    INPUT_BhChinese                          0x64185815   Thumb Code     0  used__main.o(FUNC_ONE)
    INPUT_PyChinese                          0x64185819   Thumb Code     0  used__main.o(FUNC_ONE)
    INPUT_English                            0x6418581d   Thumb Code     0  used__main.o(FUNC_ONE)
    SetSecondIRQ                             0x64185821   Thumb Code     0  used__main.o(FUNC_ONE)
    LcdShowBmp                               0x64185825   Thumb Code     0  used__main.o(FUNC_ONE)
    BSP_IntVectSet                           0x64185829   Thumb Code     0  used__main.o(FUNC_ONE)
    PowerGetFlag                             0x6418582d   Thumb Code     0  used__main.o(FUNC_ONE)
    OSEnterCritical                          0x64185831   Thumb Code     0  used__main.o(FUNC_ONE)
    OSExitCritical                           0x64185835   Thumb Code     0  used__main.o(FUNC_ONE)
    OSEventPendMulti                         0x64185839   Thumb Code     0  used__main.o(FUNC_ONE)
    OSFlagAccept                             0x6418583d   Thumb Code     0  used__main.o(FUNC_ONE)
    OSFlagCreate                             0x64185841   Thumb Code     0  used__main.o(FUNC_ONE)
    OSFlagDel                                0x64185845   Thumb Code     0  used__main.o(FUNC_ONE)
    OSFlagPend                               0x64185849   Thumb Code     0  used__main.o(FUNC_ONE)
    OSFlagPendGetFlagsRdy                    0x6418584d   Thumb Code     0  used__main.o(FUNC_ONE)
    OSFlagPost                               0x64185851   Thumb Code     0  used__main.o(FUNC_ONE)
    OSFlagQuery                              0x64185855   Thumb Code     0  used__main.o(FUNC_ONE)
    OSMboxAccept                             0x64185859   Thumb Code     0  used__main.o(FUNC_ONE)
    OSMboxCreate                             0x6418585d   Thumb Code     0  used__main.o(FUNC_ONE)
    OSMboxDel                                0x64185861   Thumb Code     0  used__main.o(FUNC_ONE)
    OSMboxPend                               0x64185865   Thumb Code     0  used__main.o(FUNC_ONE)
    OSMboxPendAbort                          0x64185869   Thumb Code     0  used__main.o(FUNC_ONE)
    OSMboxPost                               0x6418586d   Thumb Code     0  used__main.o(FUNC_ONE)
    OSMboxPostOpt                            0x64185871   Thumb Code     0  used__main.o(FUNC_ONE)
    OSMboxQuery                              0x64185875   Thumb Code     0  used__main.o(FUNC_ONE)
    OSMemCreate                              0x64185879   Thumb Code     0  used__main.o(FUNC_ONE)
    OSMemGet                                 0x6418587d   Thumb Code     0  used__main.o(FUNC_ONE)
    OSMemPut                                 0x64185881   Thumb Code     0  used__main.o(FUNC_ONE)
    OSMemQuery                               0x64185885   Thumb Code     0  used__main.o(FUNC_ONE)
    OSMutexAccept                            0x64185889   Thumb Code     0  used__main.o(FUNC_ONE)
    OSMutexCreate                            0x6418588d   Thumb Code     0  used__main.o(FUNC_ONE)
    OSMutexDel                               0x64185891   Thumb Code     0  used__main.o(FUNC_ONE)
    OSMutexPend                              0x64185895   Thumb Code     0  used__main.o(FUNC_ONE)
    OSMutexPost                              0x64185899   Thumb Code     0  used__main.o(FUNC_ONE)
    OSMutexQuery                             0x6418589d   Thumb Code     0  used__main.o(FUNC_ONE)
    OSQAccept                                0x641858a1   Thumb Code     0  used__main.o(FUNC_ONE)
    OSQCreate                                0x641858a5   Thumb Code     0  used__main.o(FUNC_ONE)
    OSQDel                                   0x641858a9   Thumb Code     0  used__main.o(FUNC_ONE)
    OSQFlush                                 0x641858ad   Thumb Code     0  used__main.o(FUNC_ONE)
    OSQPend                                  0x641858b1   Thumb Code     0  used__main.o(FUNC_ONE)
    OSQPendAbort                             0x641858b5   Thumb Code     0  used__main.o(FUNC_ONE)
    OSQPost                                  0x641858b9   Thumb Code     0  used__main.o(FUNC_ONE)
    OSQPostFront                             0x641858bd   Thumb Code     0  used__main.o(FUNC_ONE)
    OSQPostOpt                               0x641858c1   Thumb Code     0  used__main.o(FUNC_ONE)
    OSQQuery                                 0x641858c5   Thumb Code     0  used__main.o(FUNC_ONE)
    OSSchedLock                              0x641858c9   Thumb Code     0  used__main.o(FUNC_ONE)
    OSSchedUnlock                            0x641858cd   Thumb Code     0  used__main.o(FUNC_ONE)
    OSSemAccept                              0x641858d1   Thumb Code     0  used__main.o(FUNC_ONE)
    OSSemCreate                              0x641858d5   Thumb Code     0  used__main.o(FUNC_ONE)
    OSSemDel                                 0x641858d9   Thumb Code     0  used__main.o(FUNC_ONE)
    OSSemPend                                0x641858dd   Thumb Code     0  used__main.o(FUNC_ONE)
    OSSemPendAbort                           0x641858e1   Thumb Code     0  used__main.o(FUNC_ONE)
    OSSemPost                                0x641858e5   Thumb Code     0  used__main.o(FUNC_ONE)
    OSSemQuery                               0x641858e9   Thumb Code     0  used__main.o(FUNC_ONE)
    OSSemSet                                 0x641858ed   Thumb Code     0  used__main.o(FUNC_ONE)
    OSTaskChangePrio                         0x641858f1   Thumb Code     0  used__main.o(FUNC_ONE)
    OSTaskCreate                             0x641858f5   Thumb Code     0  used__main.o(FUNC_ONE)
    OSTaskCreateExt                          0x641858f9   Thumb Code     0  used__main.o(FUNC_ONE)
    OSTaskDel                                0x641858fd   Thumb Code     0  used__main.o(FUNC_ONE)
    OSTaskDelReq                             0x64185901   Thumb Code     0  used__main.o(FUNC_ONE)
    OSTaskResume                             0x64185905   Thumb Code     0  used__main.o(FUNC_ONE)
    OSTaskStkChk                             0x64185909   Thumb Code     0  used__main.o(FUNC_ONE)
    OSTaskSuspend                            0x6418590d   Thumb Code     0  used__main.o(FUNC_ONE)
    OSTaskQuery                              0x64185911   Thumb Code     0  used__main.o(FUNC_ONE)
    OSTimeDly                                0x64185915   Thumb Code     0  used__main.o(FUNC_ONE)
    OSTimeDlyHMSM                            0x64185919   Thumb Code     0  used__main.o(FUNC_ONE)
    OSTimeDlyResume                          0x6418591d   Thumb Code     0  used__main.o(FUNC_ONE)
    OSTimeGet                                0x64185921   Thumb Code     0  used__main.o(FUNC_ONE)
    OSTimeSet                                0x64185925   Thumb Code     0  used__main.o(FUNC_ONE)
    OSTimeTick                               0x64185929   Thumb Code     0  used__main.o(FUNC_ONE)
    OSTmrCreate                              0x6418592d   Thumb Code     0  used__main.o(FUNC_ONE)
    OSTmrDel                                 0x64185931   Thumb Code     0  used__main.o(FUNC_ONE)
    OSTmrRemainGet                           0x64185935   Thumb Code     0  used__main.o(FUNC_ONE)
    OSTmrSignal                              0x64185939   Thumb Code     0  used__main.o(FUNC_ONE)
    OSTmrStart                               0x6418593d   Thumb Code     0  used__main.o(FUNC_ONE)
    OSTmrStateGet                            0x64185941   Thumb Code     0  used__main.o(FUNC_ONE)
    OSTmrStop                                0x64185945   Thumb Code     0  used__main.o(FUNC_ONE)
    UsbMain                                  0x64185949   Thumb Code     0  used__main.o(FUNC_ONE)
    DbfRecordRestore                         0x6418594d   Thumb Code     0  used__main.o(FUNC_ONE)
    GUI_JPEG_Draw                            0x64185951   Thumb Code     0  used__main.o(FUNC_ONE)
    GUI_JPEG_GetInfo                         0x64185955   Thumb Code     0  used__main.o(FUNC_ONE)
    BackLightLcd                             0x64185959   Thumb Code     0  used__main.o(FUNC_ONE)
    BackLightKey                             0x6418595d   Thumb Code     0  used__main.o(FUNC_ONE)
    BackLightLed                             0x64185961   Thumb Code     0  used__main.o(FUNC_ONE)
    GetInputEventMbox                        0x64185965   Thumb Code     0  used__main.o(FUNC_ONE)
    FileRemain                               0x64185969   Thumb Code     0  used__main.o(FUNC_ONE)
    SetPowerOffFun                           0x6418596d   Thumb Code     0  used__main.o(FUNC_ONE)
    SetPowerOnFun                            0x64185971   Thumb Code     0  used__main.o(FUNC_ONE)
    InputABC                                 0x64185975   Thumb Code     0  used__main.o(FUNC_ONE)
    VirtualComOpen                           0x64185979   Thumb Code     0  used__main.o(FUNC_ONE)
    VirtualComClose                          0x6418597d   Thumb Code     0  used__main.o(FUNC_ONE)
    VirtualComWrite                          0x64185981   Thumb Code     0  used__main.o(FUNC_ONE)
    VirtualComRead                           0x64185985   Thumb Code     0  used__main.o(FUNC_ONE)
    VirtualComRxString                       0x64185989   Thumb Code     0  used__main.o(FUNC_ONE)
    VirtualComTxString                       0x6418598d   Thumb Code     0  used__main.o(FUNC_ONE)
    FatMount                                 0x64185991   Thumb Code     0  used__main.o(FUNC_ONE)
    FatOpen                                  0x64185995   Thumb Code     0  used__main.o(FUNC_ONE)
    FatRead                                  0x64185999   Thumb Code     0  used__main.o(FUNC_ONE)
    FatLseek                                 0x6418599d   Thumb Code     0  used__main.o(FUNC_ONE)
    FatClose                                 0x641859a1   Thumb Code     0  used__main.o(FUNC_ONE)
    FatOpendir                               0x641859a5   Thumb Code     0  used__main.o(FUNC_ONE)
    FatReaddir                               0x641859a9   Thumb Code     0  used__main.o(FUNC_ONE)
    FatStat                                  0x641859ad   Thumb Code     0  used__main.o(FUNC_ONE)
    FatWrite                                 0x641859b1   Thumb Code     0  used__main.o(FUNC_ONE)
    FatGetfree                               0x641859b5   Thumb Code     0  used__main.o(FUNC_ONE)
    FatTruncate                              0x641859b9   Thumb Code     0  used__main.o(FUNC_ONE)
    FatSync                                  0x641859bd   Thumb Code     0  used__main.o(FUNC_ONE)
    FatUnlink                                0x641859c1   Thumb Code     0  used__main.o(FUNC_ONE)
    FatMkdir                                 0x641859c5   Thumb Code     0  used__main.o(FUNC_ONE)
    FatChmod                                 0x641859c9   Thumb Code     0  used__main.o(FUNC_ONE)
    FatUtime                                 0x641859cd   Thumb Code     0  used__main.o(FUNC_ONE)
    FatRename                                0x641859d1   Thumb Code     0  used__main.o(FUNC_ONE)
    FatChdrive                               0x641859d5   Thumb Code     0  used__main.o(FUNC_ONE)
    FatChdir                                 0x641859d9   Thumb Code     0  used__main.o(FUNC_ONE)
    FatGetcwd                                0x641859dd   Thumb Code     0  used__main.o(FUNC_ONE)
    FatGetlabel                              0x641859e1   Thumb Code     0  used__main.o(FUNC_ONE)
    FatSetlabel                              0x641859e5   Thumb Code     0  used__main.o(FUNC_ONE)
    FatForward                               0x641859e9   Thumb Code     0  used__main.o(FUNC_ONE)
    FatMkfs                                  0x641859ed   Thumb Code     0  used__main.o(FUNC_ONE)
    FatFdisk                                 0x641859f1   Thumb Code     0  used__main.o(FUNC_ONE)
    FatPutc                                  0x641859f5   Thumb Code     0  used__main.o(FUNC_ONE)
    FatPuts                                  0x641859f9   Thumb Code     0  used__main.o(FUNC_ONE)
    FatPrintf                                0x641859fd   Thumb Code     0  used__main.o(FUNC_ONE)
    FatGets                                  0x64185a01   Thumb Code     0  used__main.o(FUNC_ONE)
    FatError                                 0x64185a05   Thumb Code     0  used__main.o(FUNC_ONE)
    GUI_GetBitmapMethod                      0x64185a09   Thumb Code     0  used__main.o(FUNC_ONE)
    DbfCreate                                0x64185a0d   Thumb Code     0  used__main.o(FUNC_ONE)
    DbfCopy                                  0x64185a11   Thumb Code     0  used__main.o(FUNC_ONE)
    DROPDOWN_DeleteItem                      0x64185a15   Thumb Code     0  used__main.o(FUNC_ONE)
    MENU_CreateIndirect                      0x64185a19   Thumb Code     0  used__main.o(FUNC_ONE)
    WM_SetFocusOnNextChild                   0x64185a1d   Thumb Code     0  used__main.o(FUNC_ONE)
    DbfRecordErase                           0x64185a21   Thumb Code     0  used__main.o(FUNC_ONE)
    LcdSaveToBmp24Bit                        0x64185a25   Thumb Code     0  used__main.o(FUNC_ONE)
    SetKeyFuntion                            0x64185a29   Thumb Code     0  used__main.o(FUNC_ONE)
    LISTVIEW_DeleteAllRows                   0x64185a2d   Thumb Code     0  used__main.o(FUNC_ONE)
    RADIO_AddValue                           0x64185a31   Thumb Code     0  used__main.o(FUNC_ONE)
    WM_SetFocusOnPrevChild                   0x64185a35   Thumb Code     0  used__main.o(FUNC_ONE)
    AddSecuritykey                           0x64185a39   Thumb Code     0  used__main.o(FUNC_ONE)
    RunProcess                               0x64185a3d   Thumb Code     0  used__main.o(FUNC_ONE)
    EDIT_SetFocussable                       0x64185a41   Thumb Code     0  used__main.o(FUNC_ONE)
    WIDGET_SetState                          0x64185a45   Thumb Code     0  used__main.o(FUNC_ONE)
    WIDGET_AndState                          0x64185a49   Thumb Code     0  used__main.o(FUNC_ONE)
    WIDGET_OrState                           0x64185a4d   Thumb Code     0  used__main.o(FUNC_ONE)
    WIDGET_HandleActive                      0x64185a51   Thumb Code     0  used__main.o(FUNC_ONE)
    WIDGET_SetWidth                          0x64185a55   Thumb Code     0  used__main.o(FUNC_ONE)
    WIDGET_EFFECT_3D_DrawUp                  0x64185a59   Thumb Code     0  used__main.o(FUNC_ONE)
    CHECKBOX_SetFont                         0x64185a5d   Thumb Code     0  used__main.o(FUNC_ONE)
    DbfFieldIndex                            0x64185a61   Thumb Code     0  used__main.o(FUNC_ONE)
    DbfRecordPack                            0x64186a65   Thumb Code     0  used__main.o(FUNC_TWO)
    PowerManage                              0x64186a69   Thumb Code     0  used__main.o(FUNC_TWO)
    KeySendValue                             0x64186a6d   Thumb Code     0  used__main.o(FUNC_TWO)
    LISTVIEW_SetDefaultScrollStepH           0x64186a71   Thumb Code     0  used__main.o(FUNC_TWO)
    LISTVIEW_GetDefaultScrollStepH           0x64186a75   Thumb Code     0  used__main.o(FUNC_TWO)
    DROPDOWN_GetItemText                     0x64186a79   Thumb Code     0  used__main.o(FUNC_TWO)
    DbfRecordBiSearch                        0x64186a7d   Thumb Code     0  used__main.o(FUNC_TWO)
    DROPDOWN_DeleteAllItems                  0x64186a81   Thumb Code     0  used__main.o(FUNC_TWO)
    LISTBOX_DeleteAllItems                   0x64186a85   Thumb Code     0  used__main.o(FUNC_TWO)
    Lib_sscanf                               0x64186a89   Thumb Code     0  used__main.o(FUNC_TWO)
    TEXT_GetText                             0x64186a8d   Thumb Code     0  used__main.o(FUNC_TWO)
    WM_SendMessageNoPara                     0x64186a91   Thumb Code     0  used__main.o(FUNC_TWO)
    WM_SetScrollState                        0x64186a95   Thumb Code     0  used__main.o(FUNC_TWO)
    DbfDelete                                0x64186a99   Thumb Code     0  used__main.o(FUNC_TWO)
    DbfRecordClear                           0x64186a9d   Thumb Code     0  used__main.o(FUNC_TWO)
    UsbSetProgBar                            0x64186aa5   Thumb Code     0  used__main.o(FUNC_TWO)
    GUI_MessageBoxYorN                       0x64186aa9   Thumb Code     0  used__main.o(FUNC_TWO)
    SetUsbFuntion                            0x64186aad   Thumb Code     0  used__main.o(FUNC_TWO)
    PowerCharge                              0x64186ab1   Thumb Code     0  used__main.o(FUNC_TWO)
    PowerVibration                           0x64186ab5   Thumb Code     0  used__main.o(FUNC_TWO)
    PowerLighting                            0x64186ab9   Thumb Code     0  used__main.o(FUNC_TWO)
    InputTouch                               0x64186abd   Thumb Code     0  used__main.o(FUNC_TWO)
    __fpl_dcmp_Inf                           0x64186b1d   Thumb Code    24  dcmpi.o(x$fpl$dcmpinf)
    __aeabi_cdcmpeq                          0x64186b35   Thumb Code     0  deqf.o(x$fpl$deqf)
    _dcmpeq                                  0x64186b35   Thumb Code   120  deqf.o(x$fpl$deqf)
    __aeabi_cdcmple                          0x64186bad   Thumb Code     0  dleqf.o(x$fpl$dleqf)
    _dcmple                                  0x64186bad   Thumb Code   120  dleqf.o(x$fpl$dleqf)
    __fpl_dcmple_InfNaN                      0x64186c0f   Thumb Code     0  dleqf.o(x$fpl$dleqf)
    __fpl_dnaninf                            0x64186c25   Thumb Code   156  dnaninf.o(x$fpl$dnaninf)
    __aeabi_cdrcmple                         0x64186cc1   Thumb Code     0  drleqf.o(x$fpl$drleqf)
    _drcmple                                 0x64186cc1   Thumb Code   108  drleqf.o(x$fpl$drleqf)
    __I$use$fp                               0x64186d2c   Number         0  usenofp.o(x$fpl$usenofp)
    Region$$Table$$Base                      0x641878e8   Number         0  anon$$obj.o(Region$$Table)
    Region$$Table$$Limit                     0x64187908   Number         0  anon$$obj.o(Region$$Table)
    hProgBar                                 0x68010000   Data           2  applycfg.o(.data)
    Ldok                                     0x68010004   Data           4  applycfg.o(.data)
    Ldinit                                   0x68010008   Data           4  applycfg.o(.data)
    Lpage                                    0x6801000c   Data           4  applycfg.o(.data)
    pu                                       0x68010010   Data           4  applycfg.o(.data)
    UartRate                                 0x68010014   Data          36  applycfg.o(.data)
    UartMode                                 0x68010038   Data          12  applycfg.o(.data)
    StopBits                                 0x68010044   Data           8  applycfg.o(.data)
    SetType                                  0x6801004c   Data           8  applycfg.o(.data)
    AirRate                                  0x68010054   Data          24  applycfg.o(.data)
    TransPower                               0x6801006c   Data          20  applycfg.o(.data)
    PIDnum                                   0x68010080   Data           2  applycfg.o(.data)
    NIDnum                                   0x68010082   Data           2  applycfg.o(.data)
    TIDnum                                   0x68010084   Data           2  applycfg.o(.data)
    LFRdat                                   0x68010086   Data           2  applycfg.o(.data)
    PIDdata                                  0x68010088   Data           6  applycfg.o(.data)
    NIDdata                                  0x6801008e   Data           6  applycfg.o(.data)
    TIDdata                                  0x68010094   Data           6  applycfg.o(.data)
    LFRdata                                  0x6801009a   Data           6  applycfg.o(.data)
    WorkMode                                 0x680100a0   Data          16  applycfg.o(.data)
    DebugLevel                               0x680100b0   Data          12  applycfg.o(.data)
    Rssi                                     0x680100bc   Data           8  applycfg.o(.data)
    acquaint                                 0x680100c4   Data           8  applycfg.o(.data)
    Sleep                                    0x680100cc   Data          12  applycfg.o(.data)
    MeterDbfName                             0x680100d8   Data           4  applyglobal.o(.data)
    ConfigDbfName                            0x680100dc   Data           4  applyglobal.o(.data)
    DiDbfName                                0x680100e0   Data           4  applyglobal.o(.data)
    FinshString                              0x680100e4   Data           4  applyglobal.o(.data)
    disColmCt                                0x680100e8   Data           1  applyglobal.o(.data)
    basedbfRecCur                            0x680100ec   Data           4  applyglobal.o(.data)
    FieldFind                                0x680100f0   Data           4  applyglobal.o(.data)
    CurrentReadingIndex                      0x680100f4   Data           4  applyglobal.o(.data)
    ReadingFlag                              0x680100f8   Data           1  applyglobal.o(.data)
    EnterReadingmanualsFlag                  0x680100f9   Data           1  applyglobal.o(.data)
    FindWithReadingmanualsFlag               0x680100fa   Data           1  applyglobal.o(.data)
    pRFIDUart                                0x680100fc   Data           4  applyglobal.o(.data)
    puart                                    0x68010100   Data           4  applyloratest.o(.data)
    pDbf                                     0x68010104   Data           4  applyloratest.o(.data)
    pmbox                                    0x68010108   Data           4  applyloratest.o(.data)
    DataTypeCheck                            0x6801010c   Data           4  applyloratest.o(.data)
    SendingTime                              0x68010110   Data           4  applyloratest.o(.data)
    SendTimeCheck                            0x68010114   Data           4  applyloratest.o(.data)
    Multipage_Handle                         0x68010118   Data           2  applyloratest.o(.data)
    rate                                     0x6801011c   Data           4  applyloratest.o(.data)
    mode                                     0x68010120   Data           4  applyloratest.o(.data)
    LoraType                                 0x68010124   Data           4  applyloratest.o(.data)
    UtRate                                   0x68010128   Data          36  applyloratest.o(.data)
    UtMode                                   0x6801014c   Data          12  applyloratest.o(.data)
    SBits                                    0x68010158   Data           8  applyloratest.o(.data)
    TxLenght                                 0x68010160   Data           4  txrxtask.o(.data)
    RxLenght                                 0x68010164   Data           4  txrxtask.o(.data)
    TxSize                                   0x68010168   Data           4  txrxtask.o(.data)
    loaddata                                 0x680101ac   Data          12  applycfg.o(.bss)
    savedata                                 0x680101b8   Data          12  applycfg.o(.bss)
    Configure                                0x680101c4   Data        8449  applyglobal.o(.bss)
    MeterDbf                                 0x680122c8   Data        3292  applyglobal.o(.bss)
    CfgParam                                 0x68012fa4   Data        3292  applyglobal.o(.bss)
    DiFlag                                   0x68013c80   Data          16  applyglobal.o(.bss)
    DbfField                                 0x68013c90   Data          64  applyglobal.o(.bss)
    DbfFieldName                             0x68013cd0   Data          32  applyglobal.o(.bss)
    disColmNum                               0x68013cf0   Data          32  applyglobal.o(.bss)
    StrFind                                  0x68013d10   Data          64  applyglobal.o(.bss)
    Readingmanuals                           0x68013d50   Data          64  applyglobal.o(.bss)
    ParamDbf                                 0x68013d90   Data        3292  applyloratest.o(.bss)
    databuf                                  0x68014a6c   Data         110  applyloratest.o(.bss)
    senddata                                 0x68014ada   Data         100  applyloratest.o(.bss)
    ShowTXBuffer                             0x68014b3e   Data        1024  applyloratest.o(.bss)
    ShowBuffer                               0x68014f3e   Data        1024  applyloratest.o(.bss)
    text                                     0x6801533e   Data        1024  applyloratest.o(.bss)
    RxTaskStk                                0x68015740   Data        4096  txrxtask.o(.bss)
    ShowRxData                               0x68016740   Data        1024  txrxtask.o(.bss)
    SendTxData                               0x68016b40   Data        1024  txrxtask.o(.bss)
    ShowTxData                               0x68016f40   Data        1024  txrxtask.o(.bss)
    UartRxData                               0x68017340   Data        1024  txrxtask.o(.bss)
    UartTxData                               0x68017740   Data        1024  txrxtask.o(.bss)
    TxTaskStk                                0x68017b40   Data        4096  txrxtask.o(.bss)
    __libspace_start                         0x68018b40   Data          96  libspace.o(.bss)
    __temporary_stack_top$libspace           0x68018ba0   Data           0  libspace.o(.bss)



==============================================================================

Memory Map of the image

  Image Entry point : 0x6418363d

  Load Region LR_1 (Base: 0x64180000, Size: 0x00007ab4, Max: 0xffffffff, ABSOLUTE, COMPRESSED[0x000079bc])

    Execution Region ER_RO (Exec base: 0x64180000, Load base: 0x64180000, Size: 0x00007908, Max: 0xffffffff, ABSOLUTE)

    Exec Addr    Load Addr    Size         Type   Attr      Idx    E Section Name        Object

    0x64180000   0x64180000   0x00000014   Data   RO          434    RESET               FunTestMDK.lib(used__main.o)
    0x64180014   0x64180014   0x00000008   Code   RO          463  * !!!main             c_w.l(__main.o)
    0x6418001c   0x6418001c   0x00000034   Code   RO          664    !!!scatter          c_w.l(__scatter.o)
    0x64180050   0x64180050   0x0000005a   Code   RO          662    !!dczerorl2         c_w.l(__dczerorl2.o)
    0x641800aa   0x641800aa   0x00000002   PAD
    0x641800ac   0x641800ac   0x0000001c   Code   RO          666    !!handler_zi        c_w.l(__scatter_zi.o)
    0x641800c8   0x641800c8   0x00000002   Code   RO          525    .ARM.Collect$$libinit$$00000000  c_w.l(libinit.o)
    0x641800ca   0x641800ca   0x00000000   Code   RO          532    .ARM.Collect$$libinit$$00000002  c_w.l(libinit2.o)
    0x641800ca   0x641800ca   0x00000000   Code   RO          534    .ARM.Collect$$libinit$$00000004  c_w.l(libinit2.o)
    0x641800ca   0x641800ca   0x00000000   Code   RO          537    .ARM.Collect$$libinit$$0000000A  c_w.l(libinit2.o)
    0x641800ca   0x641800ca   0x00000000   Code   RO          539    .ARM.Collect$$libinit$$0000000C  c_w.l(libinit2.o)
    0x641800ca   0x641800ca   0x00000000   Code   RO          541    .ARM.Collect$$libinit$$0000000E  c_w.l(libinit2.o)
    0x641800ca   0x641800ca   0x00000000   Code   RO          544    .ARM.Collect$$libinit$$00000011  c_w.l(libinit2.o)
    0x641800ca   0x641800ca   0x00000000   Code   RO          546    .ARM.Collect$$libinit$$00000013  c_w.l(libinit2.o)
    0x641800ca   0x641800ca   0x00000000   Code   RO          548    .ARM.Collect$$libinit$$00000015  c_w.l(libinit2.o)
    0x641800ca   0x641800ca   0x00000000   Code   RO          550    .ARM.Collect$$libinit$$00000017  c_w.l(libinit2.o)
    0x641800ca   0x641800ca   0x00000000   Code   RO          552    .ARM.Collect$$libinit$$00000019  c_w.l(libinit2.o)
    0x641800ca   0x641800ca   0x00000000   Code   RO          554    .ARM.Collect$$libinit$$0000001B  c_w.l(libinit2.o)
    0x641800ca   0x641800ca   0x00000000   Code   RO          556    .ARM.Collect$$libinit$$0000001D  c_w.l(libinit2.o)
    0x641800ca   0x641800ca   0x00000000   Code   RO          558    .ARM.Collect$$libinit$$0000001F  c_w.l(libinit2.o)
    0x641800ca   0x641800ca   0x00000000   Code   RO          560    .ARM.Collect$$libinit$$00000021  c_w.l(libinit2.o)
    0x641800ca   0x641800ca   0x00000000   Code   RO          562    .ARM.Collect$$libinit$$00000023  c_w.l(libinit2.o)
    0x641800ca   0x641800ca   0x00000000   Code   RO          564    .ARM.Collect$$libinit$$00000025  c_w.l(libinit2.o)
    0x641800ca   0x641800ca   0x00000000   Code   RO          568    .ARM.Collect$$libinit$$0000002C  c_w.l(libinit2.o)
    0x641800ca   0x641800ca   0x00000000   Code   RO          570    .ARM.Collect$$libinit$$0000002E  c_w.l(libinit2.o)
    0x641800ca   0x641800ca   0x00000000   Code   RO          572    .ARM.Collect$$libinit$$00000030  c_w.l(libinit2.o)
    0x641800ca   0x641800ca   0x00000000   Code   RO          574    .ARM.Collect$$libinit$$00000032  c_w.l(libinit2.o)
    0x641800ca   0x641800ca   0x00000002   Code   RO          575    .ARM.Collect$$libinit$$00000033  c_w.l(libinit2.o)
    0x641800cc   0x641800cc   0x00000002   Code   RO          596    .ARM.Collect$$libshutdown$$00000000  c_w.l(libshutdown.o)
    0x641800ce   0x641800ce   0x00000000   Code   RO          611    .ARM.Collect$$libshutdown$$00000002  c_w.l(libshutdown2.o)
    0x641800ce   0x641800ce   0x00000000   Code   RO          613    .ARM.Collect$$libshutdown$$00000004  c_w.l(libshutdown2.o)
    0x641800ce   0x641800ce   0x00000000   Code   RO          616    .ARM.Collect$$libshutdown$$00000007  c_w.l(libshutdown2.o)
    0x641800ce   0x641800ce   0x00000000   Code   RO          619    .ARM.Collect$$libshutdown$$0000000A  c_w.l(libshutdown2.o)
    0x641800ce   0x641800ce   0x00000000   Code   RO          621    .ARM.Collect$$libshutdown$$0000000C  c_w.l(libshutdown2.o)
    0x641800ce   0x641800ce   0x00000000   Code   RO          624    .ARM.Collect$$libshutdown$$0000000F  c_w.l(libshutdown2.o)
    0x641800ce   0x641800ce   0x00000002   Code   RO          625    .ARM.Collect$$libshutdown$$00000010  c_w.l(libshutdown2.o)
    0x641800d0   0x641800d0   0x00000000   Code   RO          487    .ARM.Collect$$rtentry$$00000000  c_w.l(__rtentry.o)
    0x641800d0   0x641800d0   0x00000000   Code   RO          502    .ARM.Collect$$rtentry$$00000002  c_w.l(__rtentry2.o)
    0x641800d0   0x641800d0   0x00000006   Code   RO          514    .ARM.Collect$$rtentry$$00000004  c_w.l(__rtentry4.o)
    0x641800d6   0x641800d6   0x00000000   Code   RO          504    .ARM.Collect$$rtentry$$00000009  c_w.l(__rtentry2.o)
    0x641800d6   0x641800d6   0x00000004   Code   RO          505    .ARM.Collect$$rtentry$$0000000A  c_w.l(__rtentry2.o)
    0x641800da   0x641800da   0x00000000   Code   RO          507    .ARM.Collect$$rtentry$$0000000C  c_w.l(__rtentry2.o)
    0x641800da   0x641800da   0x00000008   Code   RO          508    .ARM.Collect$$rtentry$$0000000D  c_w.l(__rtentry2.o)
    0x641800e2   0x641800e2   0x00000002   Code   RO          529    .ARM.Collect$$rtexit$$00000000  c_w.l(rtexit.o)
    0x641800e4   0x641800e4   0x00000000   Code   RO          577    .ARM.Collect$$rtexit$$00000002  c_w.l(rtexit2.o)
    0x641800e4   0x641800e4   0x00000004   Code   RO          578    .ARM.Collect$$rtexit$$00000003  c_w.l(rtexit2.o)
    0x641800e8   0x641800e8   0x00000006   Code   RO          579    .ARM.Collect$$rtexit$$00000004  c_w.l(rtexit2.o)
    0x641800ee   0x641800ee   0x00000002   PAD
    0x641800f0   0x641800f0   0x000004b0   Code   RO            1    .text               application.o
    0x641805a0   0x641805a0   0x00001d1c   Code   RO          300    .text               applycfg.o
    0x641822bc   0x641822bc   0x000007a8   Code   RO          318    .text               applycommon.o
    0x64182a64   0x64182a64   0x00000a70   Code   RO          394    .text               applyloratest.o
    0x641834d4   0x641834d4   0x00000168   Code   RO          413    .text               txrxtask.o
    0x6418363c   0x6418363c   0x00000024   Code   RO          435  * .text               FunTestMDK.lib(used__main.o)
    0x64183660   0x64183660   0x00000024   Code   RO          439    .text               c_w.l(strstr.o)
    0x64183684   0x64183684   0x00000048   Code   RO          441    .text               c_w.l(strcpy.o)
    0x641836cc   0x641836cc   0x0000003e   Code   RO          443    .text               c_w.l(strlen.o)
    0x6418370a   0x6418370a   0x00000018   Code   RO          445    .text               c_w.l(strcat.o)
    0x64183722   0x64183722   0x0000008a   Code   RO          447    .text               c_w.l(rt_memcpy_v6.o)
    0x641837ac   0x641837ac   0x00000084   Code   RO          449    .text               c_w.l(rt_memmove_v6.o)
    0x64183830   0x64183830   0x00000064   Code   RO          451    .text               c_w.l(rt_memcpy_w.o)
    0x64183894   0x64183894   0x00000044   Code   RO          453    .text               c_w.l(rt_memclr.o)
    0x641838d8   0x641838d8   0x0000004e   Code   RO          455    .text               c_w.l(rt_memclr_w.o)
    0x64183926   0x64183926   0x00000056   Code   RO          457    .text               c_w.l(strncpy.o)
    0x6418397c   0x6418397c   0x00000080   Code   RO          459    .text               c_w.l(strcmpv7m.o)
    0x641839fc   0x641839fc   0x00000006   Code   RO          461    .text               c_w.l(heapauxi.o)
    0x64183a02   0x64183a02   0x0000007a   Code   RO          488    .text               c_w.l(rt_memmove_w.o)
    0x64183a7c   0x64183a7c   0x0000004a   Code   RO          516    .text               c_w.l(sys_stackheap_outer.o)
    0x64183ac6   0x64183ac6   0x00000012   Code   RO          518    .text               c_w.l(exit.o)
    0x64183ad8   0x64183ad8   0x00000008   Code   RO          526    .text               c_w.l(libspace.o)
    0x64183ae0   0x64183ae0   0x000001c8   Code   RO          587    .text               FunTestMDK.lib(programlock.o)
    0x64183ca8   0x64183ca8   0x00000956   Code   RO          597    .text               FunTestMDK.lib(a_md5.o)
    0x641845fe   0x641845fe   0x00000002   PAD
    0x64184600   0x64184600   0x000003e0   Code   RO          600    .text               FunTestMDK.lib(stm32f10x_nvic.o)
    0x641849e0   0x641849e0   0x00000084   Code   RO          626    .text               FunTestMDK.lib(cortexm3_macro.o)
    0x64184a64   0x64184a64   0x00002000   Code   RO          430    FUNC_ONE            FunTestMDK.lib(used__main.o)
    0x64186a64   0x64186a64   0x000000b8   Code   RO          431    FUNC_TWO            FunTestMDK.lib(used__main.o)
    0x64186b1c   0x64186b1c   0x00000018   Code   RO          490    x$fpl$dcmpinf       fz_ws.l(dcmpi.o)
    0x64186b34   0x64186b34   0x00000078   Code   RO          467    x$fpl$deqf          fz_ws.l(deqf.o)
    0x64186bac   0x64186bac   0x00000078   Code   RO          469    x$fpl$dleqf         fz_ws.l(dleqf.o)
    0x64186c24   0x64186c24   0x0000009c   Code   RO          492    x$fpl$dnaninf       fz_ws.l(dnaninf.o)
    0x64186cc0   0x64186cc0   0x0000006c   Code   RO          471    x$fpl$drleqf        fz_ws.l(drleqf.o)
    0x64186d2c   0x64186d2c   0x00000000   Code   RO          500    x$fpl$usenofp       fz_ws.l(usenofp.o)
    0x64186d2c   0x64186d2c   0x00000090   Data   RO            2    .constdata          application.o
    0x64186dbc   0x64186dbc   0x00000540   Data   RO          302    .constdata          applycfg.o
    0x641872fc   0x641872fc   0x00000250   Data   RO          396    .constdata          applyloratest.o
    0x6418754c   0x6418754c   0x00000006   Data   RO          588    .constdata          FunTestMDK.lib(programlock.o)
    0x64187552   0x64187552   0x00000002   PAD
    0x64187554   0x64187554   0x00000037   Data   RO            3    .conststring        application.o
    0x6418758b   0x6418758b   0x00000001   PAD
    0x6418758c   0x6418758c   0x00000285   Data   RO          303    .conststring        applycfg.o
    0x64187811   0x64187811   0x00000003   PAD
    0x64187814   0x64187814   0x0000003c   Data   RO          363    .conststring        applyglobal.o
    0x64187850   0x64187850   0x00000095   Data   RO          397    .conststring        applyloratest.o
    0x641878e5   0x641878e5   0x00000003   PAD
    0x641878e8   0x641878e8   0x00000020   Data   RO          660    Region$$Table       anon$$obj.o


    Execution Region ER_RW (Exec base: 0x68010000, Load base: 0x64187908, Size: 0x000001ac, Max: 0xffffffff, ABSOLUTE, COMPRESSED[0x000000b4])

    Exec Addr    Load Addr    Size         Type   Attr      Idx    E Section Name        Object

    0x68010000   COMPRESSED   0x000000d8   Data   RW          304    .data               applycfg.o
    0x680100d8   COMPRESSED   0x00000028   Data   RW          364    .data               applyglobal.o
    0x68010100   COMPRESSED   0x00000060   Data   RW          398    .data               applyloratest.o
    0x68010160   COMPRESSED   0x0000000c   Data   RW          415    .data               txrxtask.o
    0x6801016c   COMPRESSED   0x00000040   Data   RW          598    .data               FunTestMDK.lib(a_md5.o)


    Execution Region ER_ZI (Exec base: 0x680101ac, Load base: 0x641879bc, Size: 0x000099f4, Max: 0xffffffff, ABSOLUTE)

    Exec Addr    Load Addr    Size         Type   Attr      Idx    E Section Name        Object

    0x680101ac        -       0x00000018   Zero   RW          301    .bss                applycfg.o
    0x680101c4        -       0x00003bcc   Zero   RW          362    .bss                applyglobal.o
    0x68013d90        -       0x000019ae   Zero   RW          395    .bss                applyloratest.o
    0x6801573e   0x641879bc   0x00000002   PAD
    0x68015740        -       0x00003400   Zero   RW          414    .bss                txrxtask.o
    0x68018b40        -       0x00000060   Zero   RW          527    .bss                c_w.l(libspace.o)
    0x68018ba0        -       0x00000800   Zero   RW          433    HEAP                FunTestMDK.lib(used__main.o)
    0x680193a0        -       0x00000800   Zero   RW          432    STACK               FunTestMDK.lib(used__main.o)


==============================================================================

Image component sizes


      Code (inc. data)   RO Data    RW Data    ZI Data      Debug   Object Name

      1200        164        199          0          0      37563   application.o
      7452        764       1989        216         24       8956   applycfg.o
      1960         24          0          0          0      10423   applycommon.o
         0          0         60         40      15308       3901   applyglobal.o
      2672        362        741         96       6574       7432   applyloratest.o
       360         58          0         12      13312       2338   txrxtask.o

    ----------------------------------------------------------------------
     13644       1372       3028        364      35220      70613   Object Totals
         0          0         32          0          0          0   (incl. Generated)
         0          0          7          0          2          0   (incl. Padding)

    ----------------------------------------------------------------------

      Code (inc. data)   RO Data    RW Data    ZI Data      Debug   Library Member Name

      2390        266          0         64          0        232   a_md5.o
       132          4          0          0          0          0   cortexm3_macro.o
       456        184          6          0          0        116   programlock.o
       992         32          0          0          0        828   stm32f10x_nvic.o
      8412       4210         20          0       4096         68   used__main.o
        90          0          0          0          0          0   __dczerorl2.o
         8          0          0          0          0         68   __main.o
         0          0          0          0          0          0   __rtentry.o
        12          0          0          0          0          0   __rtentry2.o
         6          0          0          0          0          0   __rtentry4.o
        52          8          0          0          0          0   __scatter.o
        28          0          0          0          0          0   __scatter_zi.o
        18          0          0          0          0         80   exit.o
         6          0          0          0          0        152   heapauxi.o
         2          0          0          0          0          0   libinit.o
         2          0          0          0          0          0   libinit2.o
         2          0          0          0          0          0   libshutdown.o
         2          0          0          0          0          0   libshutdown2.o
         8          4          0          0         96         68   libspace.o
        68          0          0          0          0         68   rt_memclr.o
        78          0          0          0          0         80   rt_memclr_w.o
       138          0          0          0          0         68   rt_memcpy_v6.o
       100          0          0          0          0         80   rt_memcpy_w.o
       132          0          0          0          0         68   rt_memmove_v6.o
       122          0          0          0          0         80   rt_memmove_w.o
         2          0          0          0          0          0   rtexit.o
        10          0          0          0          0          0   rtexit2.o
        24          0          0          0          0         68   strcat.o
       128          0          0          0          0         68   strcmpv7m.o
        72          0          0          0          0         80   strcpy.o
        62          0          0          0          0         76   strlen.o
        86          0          0          0          0         76   strncpy.o
        36          0          0          0          0         80   strstr.o
        74          0          0          0          0         80   sys_stackheap_outer.o
        24          0          0          0          0         68   dcmpi.o
       120          4          0          0          0         92   deqf.o
       120          4          0          0          0         92   dleqf.o
       156          4          0          0          0         92   dnaninf.o
       108          0          0          0          0         80   drleqf.o
         0          0          0          0          0          0   usenofp.o

    ----------------------------------------------------------------------
     14284       4720         28         64       4192       3008   Library Totals
         6          0          2          0          0          0   (incl. Padding)

    ----------------------------------------------------------------------

      Code (inc. data)   RO Data    RW Data    ZI Data      Debug   Library Name

     12382       4696         26         64       4096       1244   FunTestMDK.lib
      1368         12          0          0         96       1340   c_w.l
       528         12          0          0          0        424   fz_ws.l

    ----------------------------------------------------------------------
     14284       4720         28         64       4192       3008   Library Totals

    ----------------------------------------------------------------------

==============================================================================


      Code (inc. data)   RO Data    RW Data    ZI Data      Debug   

     27928       6092       3056        428      39412      72265   Grand Totals
     27928       6092       3056        180      39412      72265   ELF Image Totals (compressed)
     27928       6092       3056        180          0          0   ROM Totals

==============================================================================

    Total RO  Size (Code + RO Data)                30984 (  30.26kB)
    Total RW  Size (RW Data + ZI Data)             39840 (  38.91kB)
    Total ROM Size (Code + RO Data + RW Data)      31164 (  30.43kB)

==============================================================================

